Microchip MPLAB XC8 Compiler V1.44 ()

Linker command line:

-W-3 --edf=C:\Program Files (x86)\Microchip\xc8\v1.44\dat\en_msgs.txt -cs \
  -h+dist/default/production\LCD_HD44780.X.production.sym \
  --cmf=dist/default/production\LCD_HD44780.X.production.cmf -z -Q16F84A \
  -oC:\Users\DANTE_~1\AppData\Local\Temp\schc.2 \
  -Mdist/default/production/LCD_HD44780.X.production.map -E1 -ver=XC8 \
  -ASTACK=01Ch-04dh -pstack=STACK -ACODE=00h-03FFh -ASTRCODE=00h-03FFh \
  -ASTRING=00h-0FFhx4 -ACONST=00h-0FFhx4 -AENTRY=00h-0FFhx4 \
  -ABANK0=0Ch-04Dh -ARAM=0Ch-04Dh -AABS1=0Ch-04Fh -ACOMMON=04Eh-04Fh \
  -ASFR0=00h-0Bh -ASFR1=080h-0CDh -preset_vec=00h,intentry,init,end_init \
  -ppowerup=CODE -pcinit=CODE -pfunctab=ENTRY -ACONFIG=02007h-02007h \
  -pconfig=CONFIG -DCONFIG=2 -AIDLOC=02000h-02003h -pidloc=IDLOC -DIDLOC=2 \
  -AEEDATA=00h-03Fh/02100h -peeprom_data=EEDATA -DEEDATA=2 -DCODE=2 \
  -DSTRCODE=2 -DSTRING=2 -DCONST=2 -DENTRY=2 -k \
  C:\Users\DANTE_~1\AppData\Local\Temp\schc.obj \
  dist/default/production\LCD_HD44780.X.production.obj 

Object code version is 3.11

Machine type is 16F84A



                Name                               Link     Load   Length Selector   Space Scale
C:\Users\DANTE_~1\AppData\Local\Temp\schc.obj
                end_init                              0        0        1        0       0
                config                             2007     2007        1     400E       0
dist/default/production\LCD_HD44780.X.production.obj
                cinit                               3FE      3FE        2      7FC       0
                text11                              34B      34B       28      696       0
                text10                              2DF      2DF        F      5BE       0
                text9                               30B      30B       1F      616       0
                text8                               2C6      2C6        C      58C       0
                text7                               3A9      3A9       55      752       0
                text6                               2AB      2AB        7      556       0
                text5                               373      373       36      6E6       0
                swtext1                              1F       1F        4       3E       0
                text4                               32A      32A       21      654       0
                text3                               2D2      2D2        D      5A4       0
                text2                               2EE      2EE       1D      5DC       0
                text1                               2B2      2B2        9      564       0
                maintext                            2BB      2BB        B      576       0
                cstackBANK0                           C        C       10        C       1
                strings                               1        1       1E        2       0

TOTAL           Name                               Link     Load   Length     Space
        CLASS   STACK          

        CLASS   CODE           
                end_init                              0        0        1         0
                cinit                               3FE      3FE        2         0
                text11                              34B      34B       28         0
                text10                              2DF      2DF        F         0
                text9                               30B      30B       1F         0
                text8                               2C6      2C6        C         0
                text7                               3A9      3A9       55         0
                text6                               2AB      2AB        7         0
                text5                               373      373       36         0
                text4                               32A      32A       21         0
                text3                               2D2      2D2        D         0
                text2                               2EE      2EE       1D         0
                text1                               2B2      2B2        9         0
                maintext                            2BB      2BB        B         0

        CLASS   STRCODE        

        CLASS   STRING         
                strings                               1        1       1E         0

        CLASS   CONST          
                swtext1                              1F       1F        4         0

        CLASS   ENTRY          

        CLASS   BANK0          
                cstackBANK0                           C        C       10         1

        CLASS   RAM            

        CLASS   ABS1           
                abs_s1                               4E       4E        2         1

        CLASS   COMMON         

        CLASS   SFR0           

        CLASS   SFR1           

        CLASS   CONFIG         
                config                             2007     2007        1         0

        CLASS   IDLOC          

        CLASS   EEDATA         

        CLASS   BANK1          



SEGMENTS        Name                           Load    Length   Top    Selector   Space  Class     Delta

                reset_vec                      000000  000001  000001         0       0  CODE        2
                strings                        000001  00001E  00001F         2       0  STRING      2
                cstackBANK0                    00000C  000010  00001C         C       1  BANK0       1
                swtext1                        00001F  000004  000023        3E       0  CONST       2
                text6                          0002AB  000007  0002B2       556       0  CODE        2
                text1                          0002B2  000009  0002BB       564       0  CODE        2
                maintext                       0002BB  00000B  0002C6       576       0  CODE        2
                text8                          0002C6  00000C  0002D2       58C       0  CODE        2
                text3                          0002D2  00000D  0002DF       5A4       0  CODE        2
                text10                         0002DF  00000F  0002EE       5BE       0  CODE        2
                text2                          0002EE  00001D  00030B       5DC       0  CODE        2
                text9                          00030B  00001F  00032A       616       0  CODE        2
                text4                          00032A  000021  00034B       654       0  CODE        2
                text11                         00034B  000028  000373       696       0  CODE        2
                text5                          000373  000036  0003A9       6E6       0  CODE        2
                text7                          0003A9  000055  0003FE       752       0  CODE        2
                cinit                          0003FE  000002  000400       7FC       0  CODE        2
                config                         002007  000001  002008      400E       0  CONFIG      2


UNUSED ADDRESS RANGES

        Name                Unused          Largest block    Delta
        BANK0            001C-004D             32           1
        CODE             0023-02AA            288           2
        CONST            0023-02AA            100           2
        EEDATA           2100-213F             40           2
        ENTRY            0023-02AA            100           2
        IDLOC            2000-2003              4           2
        RAM              001C-004D             32           1
        SFR0             0000-000B              C           1
        SFR1             0080-00CD             4E           1
        STACK            001C-004D             32           1
        STRCODE          0023-02AA            288           2
        STRING           0023-02AA            100           2

                                  Symbol Table

Busy_flag@i              cstackBANK0  0011
LCDGotoXY@Address        cstackBANK0  0015
LCDGotoXY@x              cstackBANK0  0016
LCDGotoXY@y              cstackBANK0  0013
LCDcommand@i             cstackBANK0  0012
LCDdata@i                cstackBANK0  0013
LCDinit@i                cstackBANK0  0015
LCDstringXY@i            cstackBANK0  0017
LCDstringXY@x            cstackBANK0  0019
LCDstringXY@y            cstackBANK0  001A
Send_byte@higb           cstackBANK0  0010
Send_byte@i              cstackBANK0  000F
Send_byte@lowb           cstackBANK0  0011
_Busy_flag               text9        030B
_LCDGotoXY               text4        032A
_LCDcommand              text6        02AB
_LCDdata                 text3        02D2
_LCDinit                 text5        0373
_LCDstringXY             text2        02EE
_OutPin                  text8        02C6
_PORTA                   (abs)        0005
_PORTB                   (abs)        0006
_Port_Init               text1        02B2
_RB7                     (abs)        0037
_Send_byte               text7        03A9
_TRISA                   (abs)        0085
_TRISB                   (abs)        0086
__CFG_CP$OFF             (abs)        0000
__CFG_FOSC$HS            (abs)        0000
__CFG_PWRTE$ON           (abs)        0000
__CFG_WDTE$OFF           (abs)        0000
__Habs1                  abs1         0000
__Hbank0                 bank0        0000
__Hbank1                 bank1        0000
__Hcinit                 cinit        0400
__Hclrtext               clrtext      0000
__Hcode                  code         0000
__Hcommon                common       0000
__Hconfig                config       2008
__HcstackBANK0           cstackBANK0  0000
__HcstackCOMMON          cstackCOMMON 0000
__Heeprom_data           eeprom_data  0000
__Hend_init              end_init     0001
__Hfunctab               functab      0000
__Hidloc                 idloc        0000
__Hinit                  init         0000
__Hintentry              intentry     0000
__Hmaintext              maintext     0000
__Hpowerup               powerup      0000
__Hram                   ram          0000
__Hreset_vec             reset_vec    0000
__Hsfr0                  sfr0         0000
__Hsfr1                  sfr1         0000
__Hspace_0               (abs)        2008
__Hspace_1               (abs)        001C
__Hspace_2               (abs)        0000
__Hspace_3               (abs)        0000
__Hstack                 stack        0000
__Hstrings               strings      0000
__Htext                  text         0000
__Labs1                  abs1         0000
__Lbank0                 bank0        0000
__Lbank1                 bank1        0000
__Lcinit                 cinit        03FE
__Lclrtext               clrtext      0000
__Lcode                  code         0000
__Lcommon                common       0000
__Lconfig                config       2007
__LcstackBANK0           cstackBANK0  0000
__LcstackCOMMON          cstackCOMMON 0000
__Leeprom_data           eeprom_data  0000
__Lend_init              end_init     0000
__Lfunctab               functab      0000
__Lidloc                 idloc        0000
__Linit                  init         0000
__Lintentry              intentry     0000
__Lmaintext              maintext     0000
__Lpowerup               powerup      0000
__Lram                   ram          0000
__Lreset_vec             reset_vec    0000
__Lsfr0                  sfr0         0000
__Lsfr1                  sfr1         0000
__Lspace_0               (abs)        0000
__Lspace_1               (abs)        0000
__Lspace_2               (abs)        0000
__Lspace_3               (abs)        0000
__Lstack                 stack        0000
__Lstrings               strings      0000
__Ltext                  text         0000
__S0                     (abs)        2008
__S1                     (abs)        001C
__S2                     (abs)        0000
__S3                     (abs)        0000
___int_sp                stack        0000
___latbits               (abs)        0000
___sp                    stack        0000
__end_of_Busy_flag       text9        032A
__end_of_LCDGotoXY       text4        034B
__end_of_LCDcommand      text6        02B2
__end_of_LCDdata         text3        02DF
__end_of_LCDinit         text5        03A9
__end_of_LCDstringXY     text2        030B
__end_of_OutPin          text8        02D2
__end_of_Port_Init       text1        02BB
__end_of_Send_byte       text7        03FE
__end_of__initialization cinit        03FE
__end_of__stringtab      strings      0011
__end_of_check_Button    text11       0373
__end_of_main            maintext     02C6
__end_of_strob           text10       02EE
__initialization         cinit        03FE
__pcstackBANK0           cstackBANK0  000C
__pcstackCOMMON          cstackCOMMON 0000
__pmaintext              maintext     02BB
__pstrings               strings      0001
__pswtext1               swtext1      001F
__ptext1                 text1        02B2
__ptext10                text10       02DF
__ptext11                text11       034B
__ptext2                 text2        02EE
__ptext3                 text3        02D2
__ptext4                 text4        032A
__ptext5                 text5        0373
__ptext6                 text6        02AB
__ptext7                 text7        03A9
__ptext8                 text8        02C6
__ptext9                 text9        030B
__size_of_Busy_flag      (abs)        0000
__size_of_LCDGotoXY      (abs)        0000
__size_of_LCDcommand     (abs)        0000
__size_of_LCDdata        (abs)        0000
__size_of_LCDinit        (abs)        0000
__size_of_LCDstringXY    (abs)        0000
__size_of_OutPin         (abs)        0000
__size_of_Port_Init      (abs)        0000
__size_of_Send_byte      (abs)        0000
__size_of_check_Button   (abs)        0000
__size_of_main           (abs)        0000
__size_of_strob          (abs)        0000
__stringbase             strings      0010
__stringtab              strings      0001
_check_Button            text11       034B
_main                    maintext     02BB
_strob                   text10       02DF
btemp                    (abs)        004E
check_Button@butcount    cstackBANK0  000D
check_Button@result      cstackBANK0  000F
end_of_initialization    cinit        03FE
intlevel0                functab      0000
intlevel1                functab      0000
intlevel2                functab      0000
intlevel3                functab      0000
intlevel4                functab      0000
intlevel5                functab      0000
reset_vec                reset_vec    0000
stackhi                  (abs)        0000
stacklo                  (abs)        0000
start                    init         0000
start_initialization     cinit        03FE
wtemp0                   (abs)        004E


FUNCTION INFORMATION:

 *************** function _main *****************
 Defined at:
		line 34 in file "main.c"
 Parameters:    Size  Location     Type
		None
 Auto vars:     Size  Location     Type
		None
 Return value:  Size  Location     Type
                  1    wreg      void 
 Registers used:
		wreg, fsr0l, fsr0h, status,2, status,0, btemp+1, pclath, cstack
 Tracked objects:
		On entry : 
		On exit  : 
		Unchanged: 
 Data sizes:     COMMON   BANK0
      Params:         0       0
      Locals:         0       0
      Temps:          0       0
      Totals:         0       0
Total ram usage:        0 bytes
 Hardware stack levels required when called:    5
 This function calls:
		_LCDinit
		_LCDstringXY
		_Port_Init
 This function is called by:
		Startup code after reset
 This function uses a non-reentrant model


 *************** function _Port_Init *****************
 Defined at:
		line 22 in file "main.c"
 Parameters:    Size  Location     Type
		None
 Auto vars:     Size  Location     Type
		None
 Return value:  Size  Location     Type
                  1    wreg      void 
 Registers used:
		status,2
 Tracked objects:
		On entry : 
		On exit  : 
		Unchanged: 
 Data sizes:     COMMON   BANK0
      Params:         0       0
      Locals:         0       0
      Temps:          0       0
      Totals:         0       0
Total ram usage:        0 bytes
 Hardware stack levels used:    1
 This function calls:
		Nothing
 This function is called by:
		_main
 This function uses a non-reentrant model


 *************** function _LCDstringXY *****************
 Defined at:
		line 214 in file "lcd.c"
 Parameters:    Size  Location     Type
  i               2   11[BANK0 ] PTR unsigned char 
		 -> LCDputsIntGotoXY@str(40), STR_1(14), 
  x               1   13[BANK0 ] unsigned char 
  y               1   14[BANK0 ] unsigned char 
 Auto vars:     Size  Location     Type
		None
 Return value:  Size  Location     Type
                  1    wreg      void 
 Registers used:
		wreg, fsr0l, fsr0h, status,2, status,0, btemp+1, pclath, cstack
 Tracked objects:
		On entry : 
		On exit  : 
		Unchanged: 
 Data sizes:     COMMON   BANK0
      Params:         0       4
      Locals:         0       0
      Temps:          0       1
      Totals:         0       5
Total ram usage:        5 bytes
 Hardware stack levels used:    1
 Hardware stack levels required when called:    4
 This function calls:
		_LCDGotoXY
		_LCDdata
 This function is called by:
		_main
		_LCDputsIntGotoXY
 This function uses a non-reentrant model


 *************** function _LCDdata *****************
 Defined at:
		line 180 in file "lcd.c"
 Parameters:    Size  Location     Type
  i               1    wreg     unsigned char 
 Auto vars:     Size  Location     Type
  i               1    7[BANK0 ] unsigned char 
 Return value:  Size  Location     Type
                  1    wreg      void 
 Registers used:
		wreg, status,2, status,0, pclath, cstack
 Tracked objects:
		On entry : 
		On exit  : 
		Unchanged: 
 Data sizes:     COMMON   BANK0
      Params:         0       0
      Locals:         0       1
      Temps:          0       1
      Totals:         0       2
Total ram usage:        2 bytes
 Hardware stack levels used:    1
 Hardware stack levels required when called:    2
 This function calls:
		_Busy_flag
		_Send_byte
 This function is called by:
		_LCDstringXY
		_LCDdataXY
		_LCDsendString
 This function uses a non-reentrant model


 *************** function _LCDGotoXY *****************
 Defined at:
		line 192 in file "lcd.c"
 Parameters:    Size  Location     Type
  x               1    wreg     unsigned char 
  y               1    7[BANK0 ] unsigned char 
 Auto vars:     Size  Location     Type
  x               1   10[BANK0 ] unsigned char 
  Address         1    9[BANK0 ] unsigned char 
 Return value:  Size  Location     Type
                  1    wreg      void 
 Registers used:
		wreg, fsr0l, fsr0h, status,2, status,0, pclath, cstack
 Tracked objects:
		On entry : 
		On exit  : 
		Unchanged: 
 Data sizes:     COMMON   BANK0
      Params:         0       1
      Locals:         0       2
      Temps:          0       1
      Totals:         0       4
Total ram usage:        4 bytes
 Hardware stack levels used:    1
 Hardware stack levels required when called:    3
 This function calls:
		_LCDcommand
 This function is called by:
		_LCDstringXY
		_LCDdataXY
 This function uses a non-reentrant model


 *************** function _LCDinit *****************
 Defined at:
		line 150 in file "lcd.c"
 Parameters:    Size  Location     Type
		None
 Auto vars:     Size  Location     Type
  i               1    9[BANK0 ] unsigned char 
 Return value:  Size  Location     Type
                  1    wreg      void 
 Registers used:
		wreg, status,2, status,0, pclath, cstack
 Tracked objects:
		On entry : 
		On exit  : 
		Unchanged: 
 Data sizes:     COMMON   BANK0
      Params:         0       0
      Locals:         0       1
      Temps:          0       2
      Totals:         0       3
Total ram usage:        3 bytes
 Hardware stack levels used:    1
 Hardware stack levels required when called:    3
 This function calls:
		_Busy_flag
		_LCDcommand
		_OutPin
		_strob
 This function is called by:
		_main
 This function uses a non-reentrant model


 *************** function _LCDcommand *****************
 Defined at:
		line 86 in file "lcd.c"
 Parameters:    Size  Location     Type
  i               1    wreg     unsigned char 
 Auto vars:     Size  Location     Type
  i               1    6[BANK0 ] unsigned char 
 Return value:  Size  Location     Type
                  1    wreg      void 
 Registers used:
		wreg, status,2, status,0, pclath, cstack
 Tracked objects:
		On entry : 
		On exit  : 
		Unchanged: 
 Data sizes:     COMMON   BANK0
      Params:         0       0
      Locals:         0       1
      Temps:          0       0
      Totals:         0       1
Total ram usage:        1 bytes
 Hardware stack levels used:    1
 Hardware stack levels required when called:    2
 This function calls:
		_Busy_flag
		_Send_byte
 This function is called by:
		_LCDinit
		_LCDGotoXY
		_LCDclear
 This function uses a non-reentrant model


 *************** function _Send_byte *****************
 Defined at:
		line 92 in file "lcd.c"
 Parameters:    Size  Location     Type
  i               1    wreg     unsigned char 
 Auto vars:     Size  Location     Type
  i               1    3[BANK0 ] unsigned char 
  lowb            1    5[BANK0 ] unsigned char 
  higb            1    4[BANK0 ] unsigned char 
 Return value:  Size  Location     Type
                  1    wreg      void 
 Registers used:
		wreg, status,2, status,0, pclath, cstack
 Tracked objects:
		On entry : 
		On exit  : 
		Unchanged: 
 Data sizes:     COMMON   BANK0
      Params:         0       0
      Locals:         0       3
      Temps:          0       2
      Totals:         0       5
Total ram usage:        5 bytes
 Hardware stack levels used:    1
 Hardware stack levels required when called:    1
 This function calls:
		_OutPin
		_strob
 This function is called by:
		_LCDcommand
		_LCDdata
 This function uses a non-reentrant model


 *************** function _OutPin *****************
 Defined at:
		line 17 in file "lcd.c"
 Parameters:    Size  Location     Type
		None
 Auto vars:     Size  Location     Type
		None
 Return value:  Size  Location     Type
                  1    wreg      void 
 Registers used:
		wreg, status,2, status,0
 Tracked objects:
		On entry : 
		On exit  : 
		Unchanged: 
 Data sizes:     COMMON   BANK0
      Params:         0       0
      Locals:         0       0
      Temps:          0       1
      Totals:         0       1
Total ram usage:        1 bytes
 Hardware stack levels used:    1
 This function calls:
		Nothing
 This function is called by:
		_Send_byte
		_LCDinit
 This function uses a non-reentrant model


 *************** function _Busy_flag *****************
 Defined at:
		line 60 in file "lcd.c"
 Parameters:    Size  Location     Type
		None
 Auto vars:     Size  Location     Type
  i               1    5[BANK0 ] unsigned char 
 Return value:  Size  Location     Type
                  1    wreg      void 
 Registers used:
		wreg, status,2, status,0, pclath, cstack
 Tracked objects:
		On entry : 
		On exit  : 
		Unchanged: 
 Data sizes:     COMMON   BANK0
      Params:         0       0
      Locals:         0       1
      Temps:          0       1
      Totals:         0       2
Total ram usage:        2 bytes
 Hardware stack levels used:    1
 Hardware stack levels required when called:    1
 This function calls:
		_check_Button
		_strob
 This function is called by:
		_LCDcommand
		_LCDinit
		_LCDdata
 This function uses a non-reentrant model


 *************** function _strob *****************
 Defined at:
		line 30 in file "lcd.c"
 Parameters:    Size  Location     Type
		None
 Auto vars:     Size  Location     Type
		None
 Return value:  Size  Location     Type
                  1    wreg      void 
 Registers used:
		wreg, status,2, status,0
 Tracked objects:
		On entry : 
		On exit  : 
		Unchanged: 
 Data sizes:     COMMON   BANK0
      Params:         0       0
      Locals:         0       0
      Temps:          0       1
      Totals:         0       1
Total ram usage:        1 bytes
 Hardware stack levels used:    1
 This function calls:
		Nothing
 This function is called by:
		_Busy_flag
		_Send_byte
		_LCDinit
 This function uses a non-reentrant model


 *************** function _check_Button *****************
 Defined at:
		line 37 in file "lcd.c"
 Parameters:    Size  Location     Type
		None
 Auto vars:     Size  Location     Type
  butcount        2    1[BANK0 ] unsigned int 
  result          1    3[BANK0 ] unsigned char 
 Return value:  Size  Location     Type
                  1    wreg      unsigned char 
 Registers used:
		wreg, status,2, status,0
 Tracked objects:
		On entry : 
		On exit  : 
		Unchanged: 
 Data sizes:     COMMON   BANK0
      Params:         0       0
      Locals:         0       3
      Temps:          0       1
      Totals:         0       4
Total ram usage:        4 bytes
 Hardware stack levels used:    1
 This function calls:
		Nothing
 This function is called by:
		_Busy_flag
 This function uses a non-reentrant model



MODULE INFORMATION

Module		Function		Class		Link	Load	Size
shared
		__stringtab    		STRING         	0001	0000	17
		__initialization		CODE           	03FE	0000	1

shared estimated size: 18

lcd.c
		_strob         		CODE           	02DF	0000	16
		_LCDinit       		CODE           	0373	0000	55
		_LCDdata       		CODE           	02D2	0000	14
		_OutPin        		CODE           	02C6	0000	13
		_LCDcommand    		CODE           	02AB	0000	8
		_Busy_flag     		CODE           	030B	0000	32
		_LCDstringXY   		CODE           	02EE	0000	30
		_LCDGotoXY     		CODE           	032A	0000	34
		_Send_byte     		CODE           	03A9	0000	86
		_check_Button  		CODE           	034B	0000	41

lcd.c estimated size: 329

main.c
		_main          		CODE           	02BB	0000	12
		_Port_Init     		CODE           	02B2	0000	10

main.c estimated size: 22

