Microchip MPLAB XC8 Compiler V1.44 ()

Linker command line:

-W-3 --edf=C:\Program Files (x86)\Microchip\xc8\v1.44\dat\en_msgs.txt -cs \
  -h+dist/default/production\Dinamic_Indications_PIC.X.production.sym \
  --cmf=dist/default/production\Dinamic_Indications_PIC.X.production.cmf -z \
  -Q16F84A -oC:\Users\DANTE_~1\AppData\Local\Temp\s668.2 \
  -Mdist/default/production/Dinamic_Indications_PIC.X.production.map -E1 \
  -ver=XC8 -ASTACK=02Dh-04dh -pstack=STACK -ACODE=00h-03FFh \
  -ASTRCODE=00h-03FFh -ASTRING=00h-0FFhx4 -ACONST=00h-0FFhx4 \
  -AENTRY=00h-0FFhx4 -ABANK0=0Ch-04Dh -ARAM=0Ch-04Dh -AABS1=0Ch-04Fh \
  -ACOMMON=04Eh-04Fh -ASFR0=00h-0Bh -ASFR1=080h-0CDh \
  -preset_vec=00h,intentry=04h,init,end_init -ppowerup=CODE -pcinit=CODE \
  -pfunctab=ENTRY -ACONFIG=02007h-02007h -pconfig=CONFIG -DCONFIG=2 \
  -AIDLOC=02000h-02003h -pidloc=IDLOC -DIDLOC=2 -AEEDATA=00h-03Fh/02100h \
  -peeprom_data=EEDATA -DEEDATA=2 -DCODE=2 -DSTRCODE=2 -DSTRING=2 -DCONST=2 \
  -DENTRY=2 -k C:\Users\DANTE_~1\AppData\Local\Temp\s668.obj \
  dist/default/production\Dinamic_Indications_PIC.X.production.obj 

Object code version is 3.11

Machine type is 16F84A



                Name                               Link     Load   Length Selector   Space Scale
C:\Users\DANTE_~1\AppData\Local\Temp\s668.obj
                end_init                              F        F        1        8       0
                reset_vec                             0        0        1        0       0
                config                             2007     2007        1     400E       0
dist/default/production\Dinamic_Indications_PIC.X.production.obj
                cinit                                10       10        8        8       0
                intentry                              4        4        B        8       0
                swtext1                             16F      16F        A      2DE       0
                text7                               116      116       2D        8       0
                text6                                66       66       40        8       0
                text5                               182      182        7      2F2       0
                text4                                A6       A6       3D        8       0
                text3                                E3       E3       33        8       0
                text2                                18       18       4E        8       0
                text1                               179      179        9      2F2       0
                maintext                            143      143       2C        8       0
                cstackBANK0                           C        C       1C        C       1
                bssBANK0                             28       28        5        C       1

TOTAL           Name                               Link     Load   Length     Space
        CLASS   STACK          

        CLASS   CODE           
                end_init                              F        F        1         0
                cinit                                10       10        8         0
                intentry                              4        4        B         0
                reset_vec                             0        0        1         0
                text7                               116      116       2D         0
                text6                                66       66       40         0
                text5                               182      182        7         0
                text4                                A6       A6       3D         0
                text3                                E3       E3       33         0
                text2                                18       18       4E         0
                text1                               179      179        9         0
                maintext                            143      143       2C         0

        CLASS   STRCODE        

        CLASS   STRING         

        CLASS   CONST          
                swtext1                             16F      16F        A         0

        CLASS   ENTRY          

        CLASS   BANK0          
                cstackBANK0                           C        C       1C         1
                bssBANK0                             28       28        5         1

        CLASS   RAM            

        CLASS   ABS1           
                abs_s1                               4E       4E        2         1

        CLASS   COMMON         

        CLASS   SFR0           

        CLASS   SFR1           

        CLASS   CONFIG         
                config                             2007     2007        1         0

        CLASS   IDLOC          

        CLASS   EEDATA         

        CLASS   BANK1          



SEGMENTS        Name                           Load    Length   Top    Selector   Space  Class     Delta

                reset_vec                      000000  000001  000001         0       0  CODE        2
                intentry                       000004  00016B  00016F         8       0  CODE        2
                cstackBANK0                    00000C  000021  00002D         C       1  BANK0       1
                swtext1                        00016F  00000A  000179       2DE       0  CONST       2
                text1                          000179  000010  000189       2F2       0  CODE        2
                config                         002007  000001  002008      400E       0  CONFIG      2


UNUSED ADDRESS RANGES

        Name                Unused          Largest block    Delta
        BANK0            002D-004D             21           1
        CODE             0001-0003              3           2
                         0189-03FF            277
        CONST            0001-0003              3           2
                         0189-03FF            100
        EEDATA           2100-213F             40           2
        ENTRY            0001-0003              3           2
                         0189-03FF            100
        IDLOC            2000-2003              4           2
        RAM              002D-004D             21           1
        SFR0             0000-000B              C           1
        SFR1             0080-00CD             4E           1
        STACK            002D-004D             21           1
        STRCODE          0001-0003              3           2
                         0189-03FF            277
        STRING           0001-0003              3           2
                         0189-03FF            100

                                  Symbol Table

?___lwdiv                cstackBANK0  0018
?___lwmod                cstackBANK0  0012
_INTCON                  (abs)        000B
_OPTION_REG              (abs)        0081
_PORTA                   (abs)        0005
_PORTAbits               (abs)        0005
_PORTB                   (abs)        0006
_Port_Init               text5        0182
_R1                      bssBANK0     002C
_R2                      bssBANK0     002B
_R3                      bssBANK0     002A
_R4                      bssBANK0     0029
_T0IF                    (abs)        005A
_TMR0                    (abs)        0001
_TRISA                   (abs)        0085
_TRISB                   (abs)        0086
__CFG_CP$OFF             (abs)        0000
__CFG_FOSC$HS            (abs)        0000
__CFG_PWRTE$ON           (abs)        0000
__CFG_WDTE$OFF           (abs)        0000
__Habs1                  abs1         0000
__Hbank0                 bank0        0000
__Hbank1                 bank1        0000
__HbssBANK0              bssBANK0     0000
__Hcinit                 cinit        0018
__Hclrtext               clrtext      0000
__Hcode                  code         0000
__Hcommon                common       0000
__Hconfig                config       2008
__HcstackBANK0           cstackBANK0  0000
__HcstackCOMMON          cstackCOMMON 0000
__Heeprom_data           eeprom_data  0000
__Hend_init              end_init     0010
__Hfunctab               functab      0000
__Hidloc                 idloc        0000
__Hinit                  init         000F
__Hintentry              intentry     000F
__Hmaintext              maintext     0000
__Hpowerup               powerup      0000
__Hram                   ram          0000
__Hreset_vec             reset_vec    0001
__Hsfr0                  sfr0         0000
__Hsfr1                  sfr1         0000
__Hspace_0               (abs)        2008
__Hspace_1               (abs)        002D
__Hspace_2               (abs)        0000
__Hspace_3               (abs)        0000
__Hstack                 stack        0000
__Hstrings               strings      0000
__Htext                  text         0000
__Labs1                  abs1         0000
__Lbank0                 bank0        0000
__Lbank1                 bank1        0000
__LbssBANK0              bssBANK0     0000
__Lcinit                 cinit        0010
__Lclrtext               clrtext      0000
__Lcode                  code         0000
__Lcommon                common       0000
__Lconfig                config       2007
__LcstackBANK0           cstackBANK0  0000
__LcstackCOMMON          cstackCOMMON 0000
__Leeprom_data           eeprom_data  0000
__Lend_init              end_init     000F
__Lfunctab               functab      0000
__Lidloc                 idloc        0000
__Linit                  init         000F
__Lintentry              intentry     0004
__Lmaintext              maintext     0000
__Lpowerup               powerup      0000
__Lram                   ram          0000
__Lreset_vec             reset_vec    0000
__Lsfr0                  sfr0         0000
__Lsfr1                  sfr1         0000
__Lspace_0               (abs)        0000
__Lspace_1               (abs)        0000
__Lspace_2               (abs)        0000
__Lspace_3               (abs)        0000
__Lstack                 stack        0000
__Lstrings               strings      0000
__Ltext                  text         0000
__S0                     (abs)        2008
__S1                     (abs)        002D
__S2                     (abs)        0000
__S3                     (abs)        0000
___int_sp                stack        0000
___latbits               (abs)        0000
___lwdiv                 text4        00A6
___lwdiv@counter         cstackBANK0  001F
___lwdiv@dividend        cstackBANK0  001A
___lwdiv@divisor         cstackBANK0  0018
___lwdiv@quotient        cstackBANK0  001D
___lwmod                 text3        00E3
___lwmod@counter         cstackBANK0  0017
___lwmod@dividend        cstackBANK0  0014
___lwmod@divisor         cstackBANK0  0012
___sp                    stack        0000
__end_of_Port_Init       text5        0189
__end_of___lwdiv         text4        00E3
__end_of___lwmod         text3        0116
__end_of__initialization cinit        0016
__end_of_ledprint        text2        0066
__end_of_main            maintext     016F
__end_of_segchar         text7        0143
__end_of_timer0          text6        00A6
__end_of_timer_init      text1        0182
__initialization         cinit        0010
__pbssBANK0              bssBANK0     0028
__pcstackBANK0           cstackBANK0  000C
__pcstackCOMMON          cstackCOMMON 0000
__pintentry              intentry     0004
__pmaintext              maintext     0143
__pswtext1               swtext1      016F
__ptext1                 text1        0179
__ptext2                 text2        0018
__ptext3                 text3        00E3
__ptext4                 text4        00A6
__ptext5                 text5        0182
__ptext6                 text6        0066
__ptext7                 text7        0116
__size_of_Port_Init      (abs)        0000
__size_of___lwdiv        (abs)        0000
__size_of___lwmod        (abs)        0000
__size_of_ledprint       (abs)        0000
__size_of_main           (abs)        0000
__size_of_segchar        (abs)        0000
__size_of_timer0         (abs)        0000
__size_of_timer_init     (abs)        0000
_ledprint                text2        0018
_main                    maintext     0143
_n_count                 bssBANK0     0028
_segchar                 text7        0116
_timer0                  text6        0066
_timer_init              text1        0179
btemp                    (abs)        004E
end_of_initialization    cinit        0016
interrupt_function       intentry     0004
intlevel0                functab      0000
intlevel1                functab      0000
intlevel2                functab      0000
intlevel3                functab      0000
intlevel4                functab      0000
intlevel5                functab      0000
ledprint@number          cstackBANK0  0020
main@j                   cstackBANK0  0026
reset_vec                reset_vec    0000
saved_w                  (abs)        004E
segchar@seg              cstackBANK0  000C
stackhi                  (abs)        0000
stacklo                  (abs)        0000
start                    init         000F
start_initialization     cinit        0010
wtemp0                   (abs)        004E


FUNCTION INFORMATION:

 *************** function _main *****************
 Defined at:
		line 182 in file "main.c"
 Parameters:    Size  Location     Type
		None
 Auto vars:     Size  Location     Type
  j               2   26[BANK0 ] int 
 Return value:  Size  Location     Type
                  1    wreg      void 
 Registers used:
		wreg, status,2, status,0, btemp+1, pclath, cstack
 Tracked objects:
		On entry : 
		On exit  : 
		Unchanged: 
 Data sizes:     COMMON   BANK0
      Params:         0       0
      Locals:         0       2
      Temps:          0       3
      Totals:         0       5
Total ram usage:        5 bytes
 Hardware stack levels required when called:    4
 This function calls:
		_Port_Init
		_ledprint
		_timer_init
 This function is called by:
		Startup code after reset
 This function uses a non-reentrant model


 *************** function _timer_init *****************
 Defined at:
		line 153 in file "main.c"
 Parameters:    Size  Location     Type
		None
 Auto vars:     Size  Location     Type
		None
 Return value:  Size  Location     Type
                  1    wreg      void 
 Registers used:
		wreg
 Tracked objects:
		On entry : 
		On exit  : 
		Unchanged: 
 Data sizes:     COMMON   BANK0
      Params:         0       0
      Locals:         0       0
      Temps:          0       0
      Totals:         0       0
Total ram usage:        0 bytes
 Hardware stack levels used:    1
 Hardware stack levels required when called:    2
 This function calls:
		Nothing
 This function is called by:
		_main
 This function uses a non-reentrant model


 *************** function _ledprint *****************
 Defined at:
		line 51 in file "main.c"
 Parameters:    Size  Location     Type
  number          2   20[BANK0 ] unsigned int 
 Auto vars:     Size  Location     Type
		None
 Return value:  Size  Location     Type
                  1    wreg      void 
 Registers used:
		wreg, status,2, status,0, pclath, cstack
 Tracked objects:
		On entry : 
		On exit  : 
		Unchanged: 
 Data sizes:     COMMON   BANK0
      Params:         0       2
      Locals:         0       0
      Temps:          0       1
      Totals:         0       3
Total ram usage:        3 bytes
 Hardware stack levels used:    1
 Hardware stack levels required when called:    3
 This function calls:
		___lwdiv
		___lwmod
 This function is called by:
		_main
 This function uses a non-reentrant model


 *************** function ___lwmod *****************
 Defined at:
		line 6 in file "C:\Program Files (x86)\Microchip\xc8\v1.44\sources\common\lwmod.c"
 Parameters:    Size  Location     Type
  divisor         2    6[BANK0 ] unsigned int 
  dividend        2    8[BANK0 ] unsigned int 
 Auto vars:     Size  Location     Type
  counter         1   11[BANK0 ] unsigned char 
 Return value:  Size  Location     Type
                  2    6[BANK0 ] unsigned int 
 Registers used:
		wreg, status,2, status,0
 Tracked objects:
		On entry : 
		On exit  : 
		Unchanged: 
 Data sizes:     COMMON   BANK0
      Params:         0       4
      Locals:         0       1
      Temps:          0       1
      Totals:         0       6
Total ram usage:        6 bytes
 Hardware stack levels used:    1
 Hardware stack levels required when called:    2
 This function calls:
		Nothing
 This function is called by:
		_ledprint
 This function uses a non-reentrant model


 *************** function ___lwdiv *****************
 Defined at:
		line 6 in file "C:\Program Files (x86)\Microchip\xc8\v1.44\sources\common\lwdiv.c"
 Parameters:    Size  Location     Type
  divisor         2   12[BANK0 ] unsigned int 
  dividend        2   14[BANK0 ] unsigned int 
 Auto vars:     Size  Location     Type
  quotient        2   17[BANK0 ] unsigned int 
  counter         1   19[BANK0 ] unsigned char 
 Return value:  Size  Location     Type
                  2   12[BANK0 ] unsigned int 
 Registers used:
		wreg, status,2, status,0
 Tracked objects:
		On entry : 
		On exit  : 
		Unchanged: 
 Data sizes:     COMMON   BANK0
      Params:         0       4
      Locals:         0       3
      Temps:          0       1
      Totals:         0       8
Total ram usage:        8 bytes
 Hardware stack levels used:    1
 Hardware stack levels required when called:    2
 This function calls:
		Nothing
 This function is called by:
		_ledprint
 This function uses a non-reentrant model


 *************** function _Port_Init *****************
 Defined at:
		line 141 in file "main.c"
 Parameters:    Size  Location     Type
		None
 Auto vars:     Size  Location     Type
		None
 Return value:  Size  Location     Type
                  1    wreg      void 
 Registers used:
		status,2
 Tracked objects:
		On entry : 
		On exit  : 
		Unchanged: 
 Data sizes:     COMMON   BANK0
      Params:         0       0
      Locals:         0       0
      Temps:          0       0
      Totals:         0       0
Total ram usage:        0 bytes
 Hardware stack levels used:    1
 Hardware stack levels required when called:    2
 This function calls:
		Nothing
 This function is called by:
		_main
 This function uses a non-reentrant model


 *************** function _timer0 *****************
 Defined at:
		line 85 in file "main.c"
 Parameters:    Size  Location     Type
		None
 Auto vars:     Size  Location     Type
		None
 Return value:  Size  Location     Type
                  1    wreg      void 
 Registers used:
		wreg, fsr0l, fsr0h, status,2, status,0, pclath, cstack
 Tracked objects:
		On entry : 
		On exit  : 
		Unchanged: 
 Data sizes:     COMMON   BANK0
      Params:         0       0
      Locals:         0       0
      Temps:          0       5
      Totals:         0       5
Total ram usage:        5 bytes
 Hardware stack levels used:    1
 Hardware stack levels required when called:    1
 This function calls:
		_segchar
 This function is called by:
		Interrupt level 1
 This function uses a non-reentrant model


 *************** function _segchar *****************
 Defined at:
		line 64 in file "main.c"
 Parameters:    Size  Location     Type
  seg             1    wreg     unsigned char 
 Auto vars:     Size  Location     Type
  seg             1    0[BANK0 ] unsigned char 
 Return value:  Size  Location     Type
                  1    wreg      void 
 Registers used:
		wreg, fsr0l, fsr0h, status,2, status,0
 Tracked objects:
		On entry : 
		On exit  : 
		Unchanged: 
 Data sizes:     COMMON   BANK0
      Params:         0       0
      Locals:         0       1
      Temps:          0       0
      Totals:         0       1
Total ram usage:        1 bytes
 Hardware stack levels used:    1
 This function calls:
		Nothing
 This function is called by:
		_timer0
 This function uses a non-reentrant model



MODULE INFORMATION

Module		Function		Class		Link	Load	Size
C:\Program Files (x86)\Microchip\xc8\v1.44\sources\common\lwmod.c
		___lwmod       		CODE           	00E3	0000	52

C:\Program Files (x86)\Microchip\xc8\v1.44\sources\common\lwmod.c estimated size: 52

C:\Program Files (x86)\Microchip\xc8\v1.44\sources\common\lwdiv.c
		___lwdiv       		CODE           	00A6	0000	62

C:\Program Files (x86)\Microchip\xc8\v1.44\sources\common\lwdiv.c estimated size: 62

shared
		__initialization		CODE           	0010	0000	7

shared estimated size: 7

main.c
		_timer0        		CODE           	0066	0000	65
		_segchar       		CODE           	0116	0000	46
		_main          		CODE           	0143	0000	45
		_Port_Init     		CODE           	0182	0000	8
		_timer_init    		CODE           	0179	0000	10
		_ledprint      		CODE           	0018	0000	79

main.c estimated size: 253

