Microchip MPLAB XC8 Compiler V1.44 ()

Linker command line:

-W-3 --edf=C:\Program Files (x86)\Microchip\xc8\v1.44\dat\en_msgs.txt -cs \
  -h+dist/default/production\Timer_AddPostDel.X.production.sym \
  --cmf=dist/default/production\Timer_AddPostDel.X.production.cmf -z \
  -Q16F887 -oC:\Users\DANTE_~1\AppData\Local\Temp\s5ls.2 \
  -Mdist/default/production/Timer_AddPostDel.X.production.map -E1 -ver=XC8 \
  -ASTACK=0110h-016fh -pstack=STACK -ACODE=00h-07FFhx4 -ASTRCODE=00h-01FFFh \
  -ASTRING=00h-0FFhx32 -ACONST=00h-0FFhx32 -AENTRY=00h-0FFhx32 \
  -ACOMMON=070h-07Fh -ABANK0=020h-06Fh -ABANK1=0A0h-0EFh \
  -ABANK2=0110h-016Fh -ABANK3=0190h-01EFh \
  -ARAM=020h-06Fh,0A0h-0EFh,0110h-016Fh,0190h-01EFh \
  -AABS1=020h-07Fh,0A0h-0EFh,0110h-016Fh,0190h-01EFh -ASFR0=00h-01Fh \
  -ASFR1=080h-09Fh -ASFR2=0100h-010Fh -ASFR3=0180h-018Fh \
  -preset_vec=00h,intentry=04h,init,end_init -ppowerup=CODE -pcinit=CODE \
  -pfunctab=ENTRY -ACONFIG=02007h-02008h -pconfig=CONFIG -DCONFIG=2 \
  -AIDLOC=02000h-02003h -pidloc=IDLOC -DIDLOC=2 -AEEDATA=00h-0FFh/02100h \
  -peeprom_data=EEDATA -DEEDATA=2 -DCODE=2 -DSTRCODE=2 -DSTRING=2 -DCONST=2 \
  -DENTRY=2 -k C:\Users\DANTE_~1\AppData\Local\Temp\s5ls.obj \
  dist/default/production\Timer_AddPostDel.X.production.obj 

Object code version is 3.11

Machine type is 16F887



                Name                               Link     Load   Length Selector   Space Scale
C:\Users\DANTE_~1\AppData\Local\Temp\s5ls.obj
                end_init                             12       12        3        8       0
                reset_vec                             0        0        3        0       0
dist/default/production\Timer_AddPostDel.X.production.obj
                cinit                                15       15        E        8       0
                intentry                              4        4        E        8       0
                text8                               12C      12C       3C        8       0
                text7                               1A0      1A0       32        8       0
                text6                                23       23       67        8       0
                text5                                8A       8A       55        8       0
                text4                                DF       DF       4D        8       0
                text3                               168      168       38        8       0
                text2                               1E7      1E7       13        8       0
                text1                               1FA      1FA       11        8       0
                maintext                            1D2      1D2       15        8       0
                cstackBANK0                          20       20        9       20       1
                cstackCOMMON                         70       70        E       70       1
                bssBANK0                             29       29        8       20       1

TOTAL           Name                               Link     Load   Length     Space
        CLASS   STACK          

        CLASS   CODE           
                end_init                             12       12        3         0
                cinit                                15       15        E         0
                intentry                              4        4        E         0
                reset_vec                             0        0        3         0
                text8                               12C      12C       3C         0
                text7                               1A0      1A0       32         0
                text6                                23       23       67         0
                text5                                8A       8A       55         0
                text4                                DF       DF       4D         0
                text3                               168      168       38         0
                text2                               1E7      1E7       13         0
                text1                               1FA      1FA       11         0
                maintext                            1D2      1D2       15         0

        CLASS   STRCODE        

        CLASS   STRING         

        CLASS   CONST          

        CLASS   ENTRY          

        CLASS   COMMON         
                cstackCOMMON                         70       70        E         1

        CLASS   BANK0          
                cstackBANK0                          20       20        9         1
                bssBANK0                             29       29        8         1

        CLASS   BANK1          

        CLASS   BANK2          

        CLASS   BANK3          

        CLASS   RAM            

        CLASS   ABS1           
                abs_s1                               7E       7E        2         1

        CLASS   SFR0           

        CLASS   SFR1           

        CLASS   SFR2           

        CLASS   SFR3           

        CLASS   CONFIG         

        CLASS   IDLOC          

        CLASS   EEDATA         



SEGMENTS        Name                           Load    Length   Top    Selector   Space  Class     Delta

                reset_vec                      000000  000003  000003         0       0  CODE        2
                intentry                       000004  000207  00020B         8       0  CODE        2
                cstackBANK0                    000020  000011  000031        20       1  BANK0       1
                cstackCOMMON                   000070  00000E  00007E        70       1  COMMON      1


UNUSED ADDRESS RANGES

        Name                Unused          Largest block    Delta
        BANK0            031-06F            3F           1
        BANK1            0A0-0EF            50           1
        BANK2            110-16F            60           1
        BANK3            190-1EF            60           1
        CODE             003-003             1           2
                         20B-1FFF           800
        CONFIG           2007-2008             2           2
        CONST            003-003             1           2
                         20B-1FFF           100
        EEDATA           2100-21FF           100           2
        ENTRY            003-003             1           2
                         20B-1FFF           100
        IDLOC            2000-2003             4           2
        RAM              031-06F            3F           1
                         0A0-0EF            50
                         110-16F            60
                         190-1EF            60
        SFR0             000-01F            20           1
        SFR1             080-09F            20           1
        SFR2             100-10F            10           1
        SFR3             180-18F            10           1
        STACK            110-16F            60           1
        STRCODE          003-003             1           2
                         20B-1FFF          1DF5
        STRING           003-003             1           2
                         20B-1FFF           100

                                  Symbol Table

?___lwdiv                cstackCOMMON 076
?___lwmod                cstackCOMMON 070
_GIE                     (abs)        05F
_OPTION_REG              (abs)        081
_PEIE                    (abs)        05E
_PORTAbits               (abs)        005
_PORTD                   (abs)        008
_PR2                     (abs)        092
_Port_Init               text2        1E7
_R1                      bssBANK0     030
_R2                      bssBANK0     02F
_R3                      bssBANK0     02E
_R4                      bssBANK0     02D
_T0IE                    (abs)        05D
_T0IF                    (abs)        05A
_T2CKPS0                 (abs)        090
_T2CKPS1                 (abs)        091
_TIM1_Count              bssBANK0     029
_TIM2_CallBack           text4        0DF
_TMR0                    (abs)        001
_TMR0IE                  (abs)        05D
_TMR0IF                  (abs)        05A
_TMR2IE                  (abs)        461
_TMR2IF                  (abs)        061
_TMR2ON                  (abs)        092
_TOUTPS0                 (abs)        093
_TOUTPS1                 (abs)        094
_TOUTPS2                 (abs)        095
_TOUTPS3                 (abs)        096
_TRISA0                  (abs)        428
_TRISA1                  (abs)        429
_TRISA2                  (abs)        42A
_TRISA3                  (abs)        42B
_TRISD                   (abs)        088
_Timer2_Init             text1        1FA
__Habs1                  abs1         000
__Hbank0                 bank0        000
__Hbank1                 bank1        000
__Hbank2                 bank2        000
__Hbank3                 bank3        000
__HbssBANK0              bssBANK0     000
__Hcinit                 cinit        023
__Hclrtext               clrtext      000
__Hcode                  code         000
__Hcommon                common       000
__Hconfig                config       000
__HcstackBANK0           cstackBANK0  000
__HcstackCOMMON          cstackCOMMON 000
__Heeprom_data           eeprom_data  000
__Hend_init              end_init     015
__Hfunctab               functab      000
__Hidloc                 idloc        000
__Hinit                  init         012
__Hintentry              intentry     012
__Hmaintext              maintext     000
__Hpowerup               powerup      000
__Hram                   ram          000
__Hreset_vec             reset_vec    003
__Hsfr0                  sfr0         000
__Hsfr1                  sfr1         000
__Hsfr2                  sfr2         000
__Hsfr3                  sfr3         000
__Hspace_0               (abs)        20B
__Hspace_1               (abs)        07E
__Hspace_2               (abs)        000
__Hspace_3               (abs)        000
__Hstack                 stack        000
__Hstrings               strings      000
__Htext                  text         000
__Labs1                  abs1         000
__Lbank0                 bank0        000
__Lbank1                 bank1        000
__Lbank2                 bank2        000
__Lbank3                 bank3        000
__LbssBANK0              bssBANK0     000
__Lcinit                 cinit        015
__Lclrtext               clrtext      000
__Lcode                  code         000
__Lcommon                common       000
__Lconfig                config       000
__LcstackBANK0           cstackBANK0  000
__LcstackCOMMON          cstackCOMMON 000
__Leeprom_data           eeprom_data  000
__Lend_init              end_init     012
__Lfunctab               functab      000
__Lidloc                 idloc        000
__Linit                  init         012
__Lintentry              intentry     004
__Lmaintext              maintext     000
__Lpowerup               powerup      000
__Lram                   ram          000
__Lreset_vec             reset_vec    000
__Lsfr0                  sfr0         000
__Lsfr1                  sfr1         000
__Lsfr2                  sfr2         000
__Lsfr3                  sfr3         000
__Lspace_0               (abs)        000
__Lspace_1               (abs)        000
__Lspace_2               (abs)        000
__Lspace_3               (abs)        000
__Lstack                 stack        000
__Lstrings               strings      000
__Ltext                  text         000
__S0                     (abs)        20B
__S1                     (abs)        07E
__S2                     (abs)        000
__S3                     (abs)        000
___int_sp                stack        000
___latbits               (abs)        002
___lwdiv                 text8        12C
___lwdiv@counter         cstackCOMMON 07D
___lwdiv@dividend        cstackCOMMON 078
___lwdiv@divisor         cstackCOMMON 076
___lwdiv@quotient        cstackCOMMON 07B
___lwmod                 text7        1A0
___lwmod@counter         cstackCOMMON 075
___lwmod@dividend        cstackCOMMON 072
___lwmod@divisor         cstackCOMMON 070
___sp                    stack        000
__end_of_Port_Init       text2        1FA
__end_of_TIM2_CallBack   text4        12C
__end_of_Timer2_Init     text1        20B
__end_of___lwdiv         text8        168
__end_of___lwmod         text7        1D2
__end_of__initialization cinit        01F
__end_of_isr             text3        1A0
__end_of_ledprint        text6        08A
__end_of_main            maintext     1E7
__end_of_segchar         text5        0DF
__initialization         cinit        015
__pbssBANK0              bssBANK0     029
__pcstackBANK0           cstackBANK0  020
__pcstackCOMMON          cstackCOMMON 070
__pintentry              intentry     004
__pmaintext              maintext     1D2
__ptext1                 text1        1FA
__ptext2                 text2        1E7
__ptext3                 text3        168
__ptext4                 text4        0DF
__ptext5                 text5        08A
__ptext6                 text6        023
__ptext7                 text7        1A0
__ptext8                 text8        12C
__size_of_Port_Init      (abs)        000
__size_of_TIM2_CallBack  (abs)        000
__size_of_Timer2_Init    (abs)        000
__size_of___lwdiv        (abs)        000
__size_of___lwmod        (abs)        000
__size_of_isr            (abs)        000
__size_of_ledprint       (abs)        000
__size_of_main           (abs)        000
__size_of_segchar        (abs)        000
_isr                     text3        168
_ledprint                text6        023
_main                    maintext     1D2
_n_count                 bssBANK0     02C
_ncnt                    bssBANK0     02B
_segchar                 text5        08A
btemp                    (abs)        07E
end_of_initialization    cinit        01F
interrupt_function       intentry     004
intlevel0                functab      000
intlevel1                functab      000
intlevel2                functab      000
intlevel3                functab      000
intlevel4                functab      000
intlevel5                functab      000
ledprint@number          cstackBANK0  020
reset_vec                reset_vec    000
saved_w                  (abs)        07E
segchar@seg              cstackCOMMON 070
stackhi                  (abs)        000
stacklo                  (abs)        000
start                    init         012
start_initialization     cinit        015
wtemp0                   (abs)        07E


FUNCTION INFORMATION:

 *************** function _main *****************
 Defined at:
		line 148 in file "main.c"
 Parameters:    Size  Location     Type
		None
 Auto vars:     Size  Location     Type
		None
 Return value:  Size  Location     Type
                  1    wreg      void 
 Registers used:
		wreg, status,2, status,0, pclath, cstack
 Tracked objects:
		On entry : 
		On exit  : 
		Unchanged: 
 Data sizes:     COMMON   BANK0   BANK1   BANK3   BANK2
      Params:         0       0       0       0       0
      Locals:         0       0       0       0       0
      Temps:          0       0       0       0       0
      Totals:         0       0       0       0       0
Total ram usage:        0 bytes
 Hardware stack levels required when called:    5
 This function calls:
		_Port_Init
		_Timer2_Init
 This function is called by:
		Startup code after reset
 This function uses a non-reentrant model


 *************** function _Timer2_Init *****************
 Defined at:
		line 122 in file "main.c"
 Parameters:    Size  Location     Type
		None
 Auto vars:     Size  Location     Type
		None
 Return value:  Size  Location     Type
                  1    wreg      void 
 Registers used:
		wreg
 Tracked objects:
		On entry : 
		On exit  : 
		Unchanged: 
 Data sizes:     COMMON   BANK0   BANK1   BANK3   BANK2
      Params:         0       0       0       0       0
      Locals:         0       0       0       0       0
      Temps:          0       0       0       0       0
      Totals:         0       0       0       0       0
Total ram usage:        0 bytes
 Hardware stack levels used:    1
 Hardware stack levels required when called:    4
 This function calls:
		Nothing
 This function is called by:
		_main
 This function uses a non-reentrant model


 *************** function _Port_Init *****************
 Defined at:
		line 34 in file "main.c"
 Parameters:    Size  Location     Type
		None
 Auto vars:     Size  Location     Type
		None
 Return value:  Size  Location     Type
                  1    wreg      void 
 Registers used:
		status,2
 Tracked objects:
		On entry : 
		On exit  : 
		Unchanged: 
 Data sizes:     COMMON   BANK0   BANK1   BANK3   BANK2
      Params:         0       0       0       0       0
      Locals:         0       0       0       0       0
      Temps:          0       0       0       0       0
      Totals:         0       0       0       0       0
Total ram usage:        0 bytes
 Hardware stack levels used:    1
 Hardware stack levels required when called:    4
 This function calls:
		Nothing
 This function is called by:
		_main
 This function uses a non-reentrant model


 *************** function _isr *****************
 Defined at:
		line 13 in file "main.c"
 Parameters:    Size  Location     Type
		None
 Auto vars:     Size  Location     Type
		None
 Return value:  Size  Location     Type
                  1    wreg      void 
 Registers used:
		wreg, fsr0l, fsr0h, status,2, status,0, pclath, cstack
 Tracked objects:
		On entry : 
		On exit  : 
		Unchanged: 
 Data sizes:     COMMON   BANK0   BANK1   BANK3   BANK2
      Params:         0       0       0       0       0
      Locals:         0       0       0       0       0
      Temps:          0       5       0       0       0
      Totals:         0       5       0       0       0
Total ram usage:        5 bytes
 Hardware stack levels used:    1
 Hardware stack levels required when called:    3
 This function calls:
		_TIM2_CallBack
 This function is called by:
		Interrupt level 1
 This function uses a non-reentrant model


 *************** function _TIM2_CallBack *****************
 Defined at:
		line 89 in file "main.c"
 Parameters:    Size  Location     Type
		None
 Auto vars:     Size  Location     Type
		None
 Return value:  Size  Location     Type
                  1    wreg      void 
 Registers used:
		wreg, fsr0l, fsr0h, status,2, status,0, pclath, cstack
 Tracked objects:
		On entry : 
		On exit  : 
		Unchanged: 
 Data sizes:     COMMON   BANK0   BANK1   BANK3   BANK2
      Params:         0       0       0       0       0
      Locals:         0       0       0       0       0
      Temps:          0       1       0       0       0
      Totals:         0       1       0       0       0
Total ram usage:        1 bytes
 Hardware stack levels used:    1
 Hardware stack levels required when called:    2
 This function calls:
		_ledprint
		_segchar
 This function is called by:
		_isr
 This function uses a non-reentrant model


 *************** function _segchar *****************
 Defined at:
		line 67 in file "main.c"
 Parameters:    Size  Location     Type
  seg             1    wreg     unsigned char 
 Auto vars:     Size  Location     Type
  seg             1    0[COMMON] unsigned char 
 Return value:  Size  Location     Type
                  1    wreg      void 
 Registers used:
		wreg, fsr0l, fsr0h, status,2, status,0
 Tracked objects:
		On entry : 
		On exit  : 
		Unchanged: 
 Data sizes:     COMMON   BANK0   BANK1   BANK3   BANK2
      Params:         0       0       0       0       0
      Locals:         1       0       0       0       0
      Temps:          0       0       0       0       0
      Totals:         1       0       0       0       0
Total ram usage:        1 bytes
 Hardware stack levels used:    1
 This function calls:
		Nothing
 This function is called by:
		_TIM2_CallBack
 This function uses a non-reentrant model


 *************** function _ledprint *****************
 Defined at:
		line 54 in file "main.c"
 Parameters:    Size  Location     Type
  number          2    0[BANK0 ] unsigned int 
 Auto vars:     Size  Location     Type
		None
 Return value:  Size  Location     Type
                  1    wreg      void 
 Registers used:
		wreg, status,2, status,0, pclath, cstack
 Tracked objects:
		On entry : 
		On exit  : 
		Unchanged: 
 Data sizes:     COMMON   BANK0   BANK1   BANK3   BANK2
      Params:         0       2       0       0       0
      Locals:         0       0       0       0       0
      Temps:          0       1       0       0       0
      Totals:         0       3       0       0       0
Total ram usage:        3 bytes
 Hardware stack levels used:    1
 Hardware stack levels required when called:    1
 This function calls:
		___lwdiv
		___lwmod
 This function is called by:
		_TIM2_CallBack
 This function uses a non-reentrant model


 *************** function ___lwmod *****************
 Defined at:
		line 6 in file "C:\Program Files (x86)\Microchip\xc8\v1.44\sources\common\lwmod.c"
 Parameters:    Size  Location     Type
  divisor         2    0[COMMON] unsigned int 
  dividend        2    2[COMMON] unsigned int 
 Auto vars:     Size  Location     Type
  counter         1    5[COMMON] unsigned char 
 Return value:  Size  Location     Type
                  2    0[COMMON] unsigned int 
 Registers used:
		wreg, status,2, status,0
 Tracked objects:
		On entry : 
		On exit  : 
		Unchanged: 
 Data sizes:     COMMON   BANK0   BANK1   BANK3   BANK2
      Params:         4       0       0       0       0
      Locals:         1       0       0       0       0
      Temps:          1       0       0       0       0
      Totals:         6       0       0       0       0
Total ram usage:        6 bytes
 Hardware stack levels used:    1
 This function calls:
		Nothing
 This function is called by:
		_ledprint
 This function uses a non-reentrant model


 *************** function ___lwdiv *****************
 Defined at:
		line 6 in file "C:\Program Files (x86)\Microchip\xc8\v1.44\sources\common\lwdiv.c"
 Parameters:    Size  Location     Type
  divisor         2    6[COMMON] unsigned int 
  dividend        2    8[COMMON] unsigned int 
 Auto vars:     Size  Location     Type
  quotient        2   11[COMMON] unsigned int 
  counter         1   13[COMMON] unsigned char 
 Return value:  Size  Location     Type
                  2    6[COMMON] unsigned int 
 Registers used:
		wreg, status,2, status,0
 Tracked objects:
		On entry : 
		On exit  : 
		Unchanged: 
 Data sizes:     COMMON   BANK0   BANK1   BANK3   BANK2
      Params:         4       0       0       0       0
      Locals:         3       0       0       0       0
      Temps:          1       0       0       0       0
      Totals:         8       0       0       0       0
Total ram usage:        8 bytes
 Hardware stack levels used:    1
 This function calls:
		Nothing
 This function is called by:
		_ledprint
 This function uses a non-reentrant model



MODULE INFORMATION

Module		Function		Class		Link	Load	Size
C:\Program Files (x86)\Microchip\xc8\v1.44\sources\common\lwmod.c
		___lwmod       		CODE           	01A0	0000	51

C:\Program Files (x86)\Microchip\xc8\v1.44\sources\common\lwmod.c estimated size: 51

C:\Program Files (x86)\Microchip\xc8\v1.44\sources\common\lwdiv.c
		___lwdiv       		CODE           	012C	0000	61

C:\Program Files (x86)\Microchip\xc8\v1.44\sources\common\lwdiv.c estimated size: 61

shared
		__initialization		CODE           	0015	0000	11

shared estimated size: 11

main.c
		_segchar       		CODE           	008A	0000	86
		_main          		CODE           	01D2	0000	22
		_Port_Init     		CODE           	01E7	0000	20
		_TIM2_CallBack 		CODE           	00DF	0000	78
		_isr           		CODE           	0168	0000	57
		_ledprint      		CODE           	0023	0000	104
		_Timer2_Init   		CODE           	01FA	0000	18

main.c estimated size: 385

