Microchip MPLAB XC8 Compiler V1.44 ()

Linker command line:

-W-3 --edf=C:\Program Files (x86)\Microchip\xc8\v1.44\dat\en_msgs.txt -cs \
  -h+dist/default/production\LCDHD44780V2.X.production.sym \
  --cmf=dist/default/production\LCDHD44780V2.X.production.cmf -z -Q16F84A \
  -oC:\Users\DANTE_~1\AppData\Local\Temp\s3ck.2 \
  -Mdist/default/production/LCDHD44780V2.X.production.map -E1 -ver=XC8 \
  -ASTACK=019h-04dh -pstack=STACK -ACODE=00h-03FFh -ASTRCODE=00h-03FFh \
  -ASTRING=00h-0FFhx4 -ACONST=00h-0FFhx4 -AENTRY=00h-0FFhx4 \
  -ABANK0=0Ch-04Dh -ARAM=0Ch-04Dh -AABS1=0Ch-04Fh -ACOMMON=04Eh-04Fh \
  -ASFR0=00h-0Bh -ASFR1=080h-0CDh -preset_vec=00h,intentry,init,end_init \
  -ppowerup=CODE -pcinit=CODE -pfunctab=ENTRY -ACONFIG=02007h-02007h \
  -pconfig=CONFIG -DCONFIG=2 -AIDLOC=02000h-02003h -pidloc=IDLOC -DIDLOC=2 \
  -AEEDATA=00h-03Fh/02100h -peeprom_data=EEDATA -DEEDATA=2 -DCODE=2 \
  -DSTRCODE=2 -DSTRING=2 -DCONST=2 -DENTRY=2 -k \
  C:\Users\DANTE_~1\AppData\Local\Temp\s3ck.obj \
  dist/default/production\LCDHD44780V2.X.production.obj 

Object code version is 3.11

Machine type is 16F84A



                Name                               Link     Load   Length Selector   Space Scale
C:\Users\DANTE_~1\AppData\Local\Temp\s3ck.obj
                end_init                              0        0        1        0       0
                config                             2007     2007        1     400E       0
dist/default/production\LCDHD44780V2.X.production.obj
                cinit                               3FE      3FE        2      7FC       0
                text9                               2D4      2D4       23      5A8       0
                text8                               2BC      2BC       18      578       0
                text7                               31D      31D       69      63A       0
                text6                               28E      28E        7      51C       0
                text5                               289      289        5      512       0
                swtext1                               C        C        4       18       0
                text4                               386      386       78      70C       0
                text3                               2F7      2F7       26      5EE       0
                text2                               2AA      2AA       12      554       0
                text1                               29E      29E        C      53C       0
                maintext                            295      295        9      52A       0
                cstackBANK0                           C        C        D        C       1
                strings                               1        1        B        2       0

TOTAL           Name                               Link     Load   Length     Space
        CLASS   STACK          

        CLASS   CODE           
                end_init                              0        0        1         0
                cinit                               3FE      3FE        2         0
                text9                               2D4      2D4       23         0
                text8                               2BC      2BC       18         0
                text7                               31D      31D       69         0
                text6                               28E      28E        7         0
                text5                               289      289        5         0
                text4                               386      386       78         0
                text3                               2F7      2F7       26         0
                text2                               2AA      2AA       12         0
                text1                               29E      29E        C         0
                maintext                            295      295        9         0

        CLASS   STRCODE        

        CLASS   STRING         
                strings                               1        1        B         0

        CLASS   CONST          
                swtext1                               C        C        4         0

        CLASS   ENTRY          

        CLASS   BANK0          
                cstackBANK0                           C        C        D         1

        CLASS   RAM            

        CLASS   ABS1           
                abs_s1                               4E       4E        2         1

        CLASS   COMMON         

        CLASS   SFR0           

        CLASS   SFR1           

        CLASS   CONFIG         
                config                             2007     2007        1         0

        CLASS   IDLOC          

        CLASS   EEDATA         

        CLASS   BANK1          



SEGMENTS        Name                           Load    Length   Top    Selector   Space  Class     Delta

                reset_vec                      000000  000001  000001         0       0  CODE        2
                strings                        000001  00000B  00000C         2       0  STRING      2
                cstackBANK0                    00000C  00000D  000019         C       1  BANK0       1
                swtext1                        00000C  000004  000010        18       0  CONST       2
                text5                          000289  000005  00028E       512       0  CODE        2
                text6                          00028E  000007  000295       51C       0  CODE        2
                maintext                       000295  000009  00029E       52A       0  CODE        2
                text1                          00029E  00000C  0002AA       53C       0  CODE        2
                text2                          0002AA  000012  0002BC       554       0  CODE        2
                text8                          0002BC  000018  0002D4       578       0  CODE        2
                text9                          0002D4  000023  0002F7       5A8       0  CODE        2
                text3                          0002F7  000026  00031D       5EE       0  CODE        2
                text7                          00031D  000069  000386       63A       0  CODE        2
                text4                          000386  000078  0003FE       70C       0  CODE        2
                cinit                          0003FE  000002  000400       7FC       0  CODE        2
                config                         002007  000001  002008      400E       0  CONFIG      2


UNUSED ADDRESS RANGES

        Name                Unused          Largest block    Delta
        BANK0            0019-004D             35           1
        CODE             0010-0288            279           2
        CONST            0010-0288            100           2
        EEDATA           2100-213F             40           2
        ENTRY            0010-0288            100           2
        IDLOC            2000-2003              4           2
        RAM              0019-004D             35           1
        SFR0             0000-000B              C           1
        SFR1             0080-00CD             4E           1
        STACK            0019-004D             35           1
        STRCODE          0010-0288            279           2
        STRING           0010-0288            100           2

                                  Symbol Table

_LCD_init                   text7        031D
_PORTA                      (abs)        0005
_PORTB                      (abs)        0006
_Port_Init                  text6        028E
_TRISA                      (abs)        0085
_TRISB                      (abs)        0086
__CFG_CP$OFF                (abs)        0000
__CFG_FOSC$HS               (abs)        0000
__CFG_PWRTE$ON              (abs)        0000
__CFG_WDTE$OFF              (abs)        0000
__Habs1                     abs1         0000
__Hbank0                    bank0        0000
__Hbank1                    bank1        0000
__Hcinit                    cinit        0400
__Hclrtext                  clrtext      0000
__Hcode                     code         0000
__Hcommon                   common       0000
__Hconfig                   config       2008
__HcstackBANK0              cstackBANK0  0000
__HcstackCOMMON             cstackCOMMON 0000
__Heeprom_data              eeprom_data  0000
__Hend_init                 end_init     0001
__Hfunctab                  functab      0000
__Hidloc                    idloc        0000
__Hinit                     init         0000
__Hintentry                 intentry     0000
__Hmaintext                 maintext     0000
__Hpowerup                  powerup      0000
__Hram                      ram          0000
__Hreset_vec                reset_vec    0000
__Hsfr0                     sfr0         0000
__Hsfr1                     sfr1         0000
__Hspace_0                  (abs)        2008
__Hspace_1                  (abs)        0019
__Hspace_2                  (abs)        0000
__Hspace_3                  (abs)        0000
__Hstack                    stack        0000
__Hstrings                  strings      0000
__Htext                     text         0000
__Labs1                     abs1         0000
__Lbank0                    bank0        0000
__Lbank1                    bank1        0000
__Lcinit                    cinit        03FE
__Lclrtext                  clrtext      0000
__Lcode                     code         0000
__Lcommon                   common       0000
__Lconfig                   config       2007
__LcstackBANK0              cstackBANK0  0000
__LcstackCOMMON             cstackCOMMON 0000
__Leeprom_data              eeprom_data  0000
__Lend_init                 end_init     0000
__Lfunctab                  functab      0000
__Lidloc                    idloc        0000
__Linit                     init         0000
__Lintentry                 intentry     0000
__Lmaintext                 maintext     0000
__Lpowerup                  powerup      0000
__Lram                      ram          0000
__Lreset_vec                reset_vec    0000
__Lsfr0                     sfr0         0000
__Lsfr1                     sfr1         0000
__Lspace_0                  (abs)        0000
__Lspace_1                  (abs)        0000
__Lspace_2                  (abs)        0000
__Lspace_3                  (abs)        0000
__Lstack                    stack        0000
__Lstrings                  strings      0000
__Ltext                     text         0000
__S0                        (abs)        2008
__S1                        (abs)        0019
__S2                        (abs)        0000
__S3                        (abs)        0000
___int_sp                   stack        0000
___latbits                  (abs)        0000
___sp                       stack        0000
__end_of_LCD_init           text7        0386
__end_of_Port_Init          text6        0295
__end_of__initialization    cinit        03FE
__end_of__stringtab         strings      0007
__end_of_lcd_clear          text5        028E
__end_of_lcd_com            text8        02D4
__end_of_lcd_gotoxy         text4        03FE
__end_of_lcd_out            text9        02F7
__end_of_lcd_printStringXY  text1        02AA
__end_of_lcd_print_char     text3        031D
__end_of_lcd_print_string   text2        02BC
__end_of_main               maintext     029E
__initialization            cinit        03FE
__pcstackBANK0              cstackBANK0  000C
__pcstackCOMMON             cstackCOMMON 0000
__pmaintext                 maintext     0295
__pstrings                  strings      0001
__pswtext1                  swtext1      000C
__ptext1                    text1        029E
__ptext2                    text2        02AA
__ptext3                    text3        02F7
__ptext4                    text4        0386
__ptext5                    text5        0289
__ptext6                    text6        028E
__ptext7                    text7        031D
__ptext8                    text8        02BC
__ptext9                    text9        02D4
__size_of_LCD_init          (abs)        0000
__size_of_Port_Init         (abs)        0000
__size_of_lcd_clear         (abs)        0000
__size_of_lcd_com           (abs)        0000
__size_of_lcd_gotoxy        (abs)        0000
__size_of_lcd_out           (abs)        0000
__size_of_lcd_printStringXY (abs)        0000
__size_of_lcd_print_char    (abs)        0000
__size_of_lcd_print_string  (abs)        0000
__size_of_main              (abs)        0000
__stringbase                strings      0006
__stringtab                 strings      0001
_lcd_clear                  text5        0289
_lcd_com                    text8        02BC
_lcd_gotoxy                 text4        0386
_lcd_out                    text9        02D4
_lcd_printStringXY          text1        029E
_lcd_print_char             text3        02F7
_lcd_print_string           text2        02AA
_main                       maintext     0295
btemp                       (abs)        004E
end_of_initialization       cinit        03FE
intlevel0                   functab      0000
intlevel1                   functab      0000
intlevel2                   functab      0000
intlevel3                   functab      0000
intlevel4                   functab      0000
intlevel5                   functab      0000
lcd_com@com                 cstackBANK0  0010
lcd_gotoxy@temp             cstackBANK0  0014
lcd_gotoxy@x                cstackBANK0  0013
lcd_gotoxy@y                cstackBANK0  0011
lcd_out@data                cstackBANK0  000D
lcd_printStringXY@str       cstackBANK0  0018
lcd_printStringXY@x         cstackBANK0  0015
lcd_printStringXY@y         cstackBANK0  0016
lcd_print_char@data         cstackBANK0  0010
lcd_print_string@str        cstackBANK0  0012
reset_vec                   reset_vec    0000
stackhi                     (abs)        0000
stacklo                     (abs)        0000
start                       init         0000
start_initialization        cinit        03FE
wtemp0                      (abs)        004E


FUNCTION INFORMATION:

 *************** function _main *****************
 Defined at:
		line 17 in file "main.c"
 Parameters:    Size  Location     Type
		None
 Auto vars:     Size  Location     Type
		None
 Return value:  Size  Location     Type
                  1    wreg      void 
 Registers used:
		wreg, fsr0l, fsr0h, status,2, status,0, pclath, cstack
 Tracked objects:
		On entry : 
		On exit  : 
		Unchanged: 
 Data sizes:     COMMON   BANK0
      Params:         0       0
      Locals:         0       0
      Temps:          0       0
      Totals:         0       0
Total ram usage:        0 bytes
 Hardware stack levels required when called:    4
 This function calls:
		_LCD_init
		_Port_Init
		_lcd_clear
		_lcd_printStringXY
 This function is called by:
		Startup code after reset
 This function uses a non-reentrant model


 *************** function _lcd_printStringXY *****************
 Defined at:
		line 201 in file "lcd.c"
 Parameters:    Size  Location     Type
  str             1    wreg     PTR unsigned char 
		 -> STR_1(5), 
  x               1    9[BANK0 ] unsigned char 
  y               1   10[BANK0 ] unsigned char 
 Auto vars:     Size  Location     Type
  str             1   12[BANK0 ] PTR unsigned char 
		 -> STR_1(5), 
 Return value:  Size  Location     Type
                  1    wreg      void 
 Registers used:
		wreg, fsr0l, fsr0h, status,2, status,0, pclath, cstack
 Tracked objects:
		On entry : 
		On exit  : 
		Unchanged: 
 Data sizes:     COMMON   BANK0
      Params:         0       2
      Locals:         0       1
      Temps:          0       1
      Totals:         0       4
Total ram usage:        4 bytes
 Hardware stack levels used:    1
 Hardware stack levels required when called:    3
 This function calls:
		_lcd_gotoxy
		_lcd_print_string
 This function is called by:
		_main
 This function uses a non-reentrant model


 *************** function _lcd_print_string *****************
 Defined at:
		line 138 in file "lcd.c"
 Parameters:    Size  Location     Type
  str             1    wreg     PTR unsigned char 
		 -> STR_1(5), 
 Auto vars:     Size  Location     Type
  str             1    6[BANK0 ] PTR unsigned char 
		 -> STR_1(5), 
 Return value:  Size  Location     Type
                  1    wreg      void 
 Registers used:
		wreg, fsr0l, fsr0h, status,2, status,0, pclath, cstack
 Tracked objects:
		On entry : 
		On exit  : 
		Unchanged: 
 Data sizes:     COMMON   BANK0
      Params:         0       0
      Locals:         0       1
      Temps:          0       1
      Totals:         0       2
Total ram usage:        2 bytes
 Hardware stack levels used:    1
 Hardware stack levels required when called:    2
 This function calls:
		_lcd_print_char
 This function is called by:
		_lcd_printStringXY
 This function uses a non-reentrant model


 *************** function _lcd_print_char *****************
 Defined at:
		line 119 in file "lcd.c"
 Parameters:    Size  Location     Type
  data            1    wreg     unsigned char 
 Auto vars:     Size  Location     Type
  data            1    4[BANK0 ] unsigned char 
 Return value:  Size  Location     Type
                  1    wreg      void 
 Registers used:
		wreg, status,2, status,0, pclath, cstack
 Tracked objects:
		On entry : 
		On exit  : 
		Unchanged: 
 Data sizes:     COMMON   BANK0
      Params:         0       0
      Locals:         0       1
      Temps:          0       2
      Totals:         0       3
Total ram usage:        3 bytes
 Hardware stack levels used:    1
 Hardware stack levels required when called:    1
 This function calls:
		_lcd_out
 This function is called by:
		_lcd_print_string
 This function uses a non-reentrant model


 *************** function _lcd_gotoxy *****************
 Defined at:
		line 154 in file "lcd.c"
 Parameters:    Size  Location     Type
  x               1    wreg     unsigned char 
  y               1    5[BANK0 ] unsigned char 
 Auto vars:     Size  Location     Type
  x               1    7[BANK0 ] unsigned char 
  temp            1    8[BANK0 ] unsigned char 
 Return value:  Size  Location     Type
                  1    wreg      void 
 Registers used:
		wreg, fsr0l, fsr0h, status,2, status,0, pclath, cstack
 Tracked objects:
		On entry : 
		On exit  : 
		Unchanged: 
 Data sizes:     COMMON   BANK0
      Params:         0       1
      Locals:         0       2
      Temps:          0       1
      Totals:         0       4
Total ram usage:        4 bytes
 Hardware stack levels used:    1
 Hardware stack levels required when called:    2
 This function calls:
		_lcd_com
 This function is called by:
		_lcd_printStringXY
 This function uses a non-reentrant model


 *************** function _lcd_clear *****************
 Defined at:
		line 212 in file "lcd.c"
 Parameters:    Size  Location     Type
		None
 Auto vars:     Size  Location     Type
		None
 Return value:  Size  Location     Type
                  1    wreg      void 
 Registers used:
		wreg, status,2, status,0, pclath, cstack
 Tracked objects:
		On entry : 
		On exit  : 
		Unchanged: 
 Data sizes:     COMMON   BANK0
      Params:         0       0
      Locals:         0       0
      Temps:          0       0
      Totals:         0       0
Total ram usage:        0 bytes
 Hardware stack levels used:    1
 Hardware stack levels required when called:    2
 This function calls:
		_lcd_com
 This function is called by:
		_main
 This function uses a non-reentrant model


 *************** function _Port_Init *****************
 Defined at:
		line 7 in file "main.c"
 Parameters:    Size  Location     Type
		None
 Auto vars:     Size  Location     Type
		None
 Return value:  Size  Location     Type
                  1    wreg      void 
 Registers used:
		status,2
 Tracked objects:
		On entry : 
		On exit  : 
		Unchanged: 
 Data sizes:     COMMON   BANK0
      Params:         0       0
      Locals:         0       0
      Temps:          0       0
      Totals:         0       0
Total ram usage:        0 bytes
 Hardware stack levels used:    1
 This function calls:
		Nothing
 This function is called by:
		_main
 This function uses a non-reentrant model


 *************** function _LCD_init *****************
 Defined at:
		line 78 in file "lcd.c"
 Parameters:    Size  Location     Type
		None
 Auto vars:     Size  Location     Type
		None
 Return value:  Size  Location     Type
                  1    wreg      void 
 Registers used:
		wreg, status,2, status,0, pclath, cstack
 Tracked objects:
		On entry : 
		On exit  : 
		Unchanged: 
 Data sizes:     COMMON   BANK0
      Params:         0       0
      Locals:         0       0
      Temps:          0       2
      Totals:         0       2
Total ram usage:        2 bytes
 Hardware stack levels used:    1
 Hardware stack levels required when called:    2
 This function calls:
		_lcd_com
 This function is called by:
		_main
 This function uses a non-reentrant model


 *************** function _lcd_com *****************
 Defined at:
		line 54 in file "lcd.c"
 Parameters:    Size  Location     Type
  com             1    wreg     unsigned char 
 Auto vars:     Size  Location     Type
  com             1    4[BANK0 ] unsigned char 
 Return value:  Size  Location     Type
                  1    wreg      void 
 Registers used:
		wreg, status,2, status,0, pclath, cstack
 Tracked objects:
		On entry : 
		On exit  : 
		Unchanged: 
 Data sizes:     COMMON   BANK0
      Params:         0       0
      Locals:         0       1
      Temps:          0       2
      Totals:         0       3
Total ram usage:        3 bytes
 Hardware stack levels used:    1
 Hardware stack levels required when called:    1
 This function calls:
		_lcd_out
 This function is called by:
		_LCD_init
		_lcd_gotoxy
		_lcd_clear
 This function uses a non-reentrant model


 *************** function _lcd_out *****************
 Defined at:
		line 11 in file "lcd.c"
 Parameters:    Size  Location     Type
  data            1    wreg     unsigned char 
 Auto vars:     Size  Location     Type
  data            1    1[BANK0 ] unsigned char 
 Return value:  Size  Location     Type
                  1    wreg      void 
 Registers used:
		wreg, status,2, status,0
 Tracked objects:
		On entry : 
		On exit  : 
		Unchanged: 
 Data sizes:     COMMON   BANK0
      Params:         0       0
      Locals:         0       1
      Temps:          0       1
      Totals:         0       2
Total ram usage:        2 bytes
 Hardware stack levels used:    1
 This function calls:
		Nothing
 This function is called by:
		_lcd_com
		_lcd_print_char
 This function uses a non-reentrant model



MODULE INFORMATION

Module		Function		Class		Link	Load	Size
shared
		__stringtab    		STRING         	0001	0000	7
		__initialization		CODE           	03FE	0000	1

shared estimated size: 8

lcd.c
		_lcd_com       		CODE           	02BC	0000	25
		_lcd_clear     		CODE           	0289	0000	6
		_lcd_printStringXY		CODE           	029E	0000	13
		_lcd_gotoxy    		CODE           	0386	0000	121
		_LCD_init      		CODE           	031D	0000	106
		_lcd_print_string		CODE           	02AA	0000	19
		_lcd_print_char		CODE           	02F7	0000	39
		_lcd_out       		CODE           	02D4	0000	36

lcd.c estimated size: 365

main.c
		_main          		CODE           	0295	0000	10
		_Port_Init     		CODE           	028E	0000	8

main.c estimated size: 18

