Microchip MPLAB XC8 Compiler V1.44 ()

Linker command line:

-W-3 --edf=C:\Program Files (x86)\Microchip\xc8\v1.44\dat\en_msgs.txt -cs \
  -h+dist/default/production\ADC_Project.X.production.sym \
  --cmf=dist/default/production\ADC_Project.X.production.cmf -z -Q16F877 \
  -oC:\Users\DANTE_~1\AppData\Local\Temp\s544.2 \
  -Mdist/default/production/ADC_Project.X.production.map -E1 -ver=XC8 \
  -ASTACK=0124h-016fh -pstack=STACK -ACODE=00h-07FFhx4 -ASTRCODE=00h-01FFFh \
  -ASTRING=00h-0FFhx32 -ACONST=00h-0FFhx32 -AENTRY=00h-0FFhx32 \
  -ACOMMON=070h-07Fh -ABANK0=020h-06Fh -ABANK1=0A0h-0EFh \
  -ABANK2=0110h-016Fh -ABANK3=0190h-01EFh \
  -ARAM=020h-06Fh,0A0h-0EFh,0110h-016Fh,0190h-01EFh \
  -AABS1=020h-07Fh,0A0h-0EFh,0110h-016Fh,0190h-01EFh -ASFR0=00h-01Fh \
  -ASFR1=080h-09Fh -ASFR2=0100h-010Fh -ASFR3=0180h-018Fh \
  -preset_vec=00h,intentry,init,end_init -ppowerup=CODE -pcinit=CODE \
  -pfunctab=ENTRY -ACONFIG=02007h-02007h -pconfig=CONFIG -DCONFIG=2 \
  -AIDLOC=02000h-02003h -pidloc=IDLOC -DIDLOC=2 -AEEDATA=00h-0FFh/02100h \
  -peeprom_data=EEDATA -DEEDATA=2 -DCODE=2 -DSTRCODE=2 -DSTRING=2 -DCONST=2 \
  -DENTRY=2 -k C:\Users\DANTE_~1\AppData\Local\Temp\s544.obj \
  dist/default/production\ADC_Project.X.production.obj 

Object code version is 3.11

Machine type is 16F877



                Name                               Link     Load   Length Selector   Space Scale
C:\Users\DANTE_~1\AppData\Local\Temp\s544.obj
                end_init                              0        0        3        0       0
                config                             2007     2007        1     400E       0
dist/default/production\ADC_Project.X.production.obj
                cinit                               7F7      7F7        9      FEE       0
                text33                             10F5     10F5       13     21EA       0
                text32                             121C     121C       30     2438       0
                text31                             13A0     13A0       6C     2740       0
                text30                             15B2     15B2       B8     2B64       0
                text29                             172D     172D       D3     2E5A       0
                text28                             111B     111B       14     2236       0
                text27                             1299     1299       51     2532       0
                text26                             1147     1147       1A     228E       0
                text25                             112F     112F       18     225E       0
                text24                             10CA     10CA        B     2194       0
                text23                             1523     1523       8F     2A46       0
                text22                             140C     140C       89     2818       0
                text21                             11C6     11C6       2B     238C       0
                text20                             11A3     11A3       23     2346       0
                text19                             10E3     10E3       12     21C6       0
                text18                             1343     1343       5D     2686       0
                text17                              801      801        8     1002       0
                text16                              867      867      109     10CE       0
                text15                             1161     1161       21     22C2       0
                text14                             1495     1495       8E     292A       0
                text13                              809      809       5E     1012       0
                text12                                3        3       4E        0       0
                text11                             11F1     11F1       2B     23E2       0
                text10                             1182     1182       21     2304       0
                text9                               A99      A99      132     1532       0
                text8                              166A     166A       C3     2CD4       0
                text7                              12EA     12EA       59     25D4       0
                text6                              124C     124C       4D     2498       0
                text5                              1108     1108       13     2210       0
                text4                               BCB      BCB      19A     1796       0
                text3                              10D5     10D5        E     21AA       0
                text2                               D65      D65      29B     1ACA       0
                text1                                51       51      7A6       A2       0
                maintext                            970      970      129     12E0       0
                cstackBANK0                          20       20       4E       20       1
                cstackCOMMON                         70       70        E       70       1
                cstackBANK1                          A0       A0       1B       A0       1
                cstackBANK2                         110      110       14      110       1
                cstackBANK3                         190      190       56      190       1
                bssBANK1                             BB       BB        3       A0       1
                strings                            1000     1000       AF     2000       0

TOTAL           Name                               Link     Load   Length     Space
        CLASS   STACK          

        CLASS   CODE           
                end_init                              0        0        3         0
                cinit                               7F7      7F7        9         0
                text33                             10F5     10F5       13         0
                text32                             121C     121C       30         0
                text31                             13A0     13A0       6C         0
                text30                             15B2     15B2       B8         0
                text29                             172D     172D       D3         0
                text28                             111B     111B       14         0
                text27                             1299     1299       51         0
                text26                             1147     1147       1A         0
                text25                             112F     112F       18         0
                text24                             10CA     10CA        B         0
                text23                             1523     1523       8F         0
                text22                             140C     140C       89         0
                text21                             11C6     11C6       2B         0
                text20                             11A3     11A3       23         0
                text19                             10E3     10E3       12         0
                text18                             1343     1343       5D         0
                text17                              801      801        8         0
                text16                              867      867      109         0
                text15                             1161     1161       21         0
                text14                             1495     1495       8E         0
                text13                              809      809       5E         0
                text12                                3        3       4E         0
                text11                             11F1     11F1       2B         0
                text10                             1182     1182       21         0
                text9                               A99      A99      132         0
                text8                              166A     166A       C3         0
                text7                              12EA     12EA       59         0
                text6                              124C     124C       4D         0
                text5                              1108     1108       13         0
                text4                               BCB      BCB      19A         0
                text3                              10D5     10D5        E         0
                text2                               D65      D65      29B         0
                text1                                51       51      7A6         0
                maintext                            970      970      129         0

        CLASS   STRCODE        

        CLASS   STRING         
                strings                            1000     1000       AF         0

        CLASS   CONST          

        CLASS   ENTRY          

        CLASS   COMMON         
                cstackCOMMON                         70       70        E         1

        CLASS   BANK0          
                cstackBANK0                          20       20       4E         1

        CLASS   BANK1          
                cstackBANK1                          A0       A0       1B         1
                bssBANK1                             BB       BB        3         1

        CLASS   BANK2          
                cstackBANK2                         110      110       14         1

        CLASS   BANK3          
                cstackBANK3                         190      190       56         1

        CLASS   RAM            

        CLASS   ABS1           
                abs_s1                               7E       7E        2         1

        CLASS   SFR0           

        CLASS   SFR1           

        CLASS   SFR2           

        CLASS   SFR3           

        CLASS   CONFIG         
                config                             2007     2007        1         0

        CLASS   IDLOC          

        CLASS   EEDATA         



SEGMENTS        Name                           Load    Length   Top    Selector   Space  Class     Delta

                reset_vec                      000000  000051  000051         0       0  CODE        2
                cstackBANK0                    000020  00004E  00006E        20       1  BANK0       1
                cstackCOMMON                   000070  00000E  00007E        70       1  COMMON      1
                cstackBANK1                    0000A0  00001E  0000BE        A0       1  BANK1       1
                text1                          000051  0007A6  0007F7        A2       0  CODE        2
                cstackBANK2                    000110  000014  000124       110       1  BANK2       1
                cstackBANK3                    000190  000056  0001E6       190       1  BANK3       1
                cinit                          0007F7  000009  000800       FEE       0  CODE        2
                text17                         000801  000008  000809      1002       0  CODE        2
                text13                         000809  00005E  000867      1012       0  CODE        2
                text16                         000867  000109  000970      10CE       0  CODE        2
                maintext                       000970  000129  000A99      12E0       0  CODE        2
                text9                          000A99  000132  000BCB      1532       0  CODE        2
                text4                          000BCB  00019A  000D65      1796       0  CODE        2
                text2                          000D65  00029B  001000      1ACA       0  CODE        2
                strings                        001000  0000AF  0010AF      2000       0  STRING      2
                text24                         0010CA  00000B  0010D5      2194       0  CODE        2
                text3                          0010D5  00000E  0010E3      21AA       0  CODE        2
                text19                         0010E3  000012  0010F5      21C6       0  CODE        2
                text33                         0010F5  000013  001108      21EA       0  CODE        2
                text5                          001108  000013  00111B      2210       0  CODE        2
                text28                         00111B  000014  00112F      2236       0  CODE        2
                text25                         00112F  000018  001147      225E       0  CODE        2
                text26                         001147  00001A  001161      228E       0  CODE        2
                text15                         001161  000021  001182      22C2       0  CODE        2
                text10                         001182  000021  0011A3      2304       0  CODE        2
                text20                         0011A3  000023  0011C6      2346       0  CODE        2
                text21                         0011C6  00002B  0011F1      238C       0  CODE        2
                text11                         0011F1  00002B  00121C      23E2       0  CODE        2
                text32                         00121C  000030  00124C      2438       0  CODE        2
                text6                          00124C  00004D  001299      2498       0  CODE        2
                text27                         001299  000051  0012EA      2532       0  CODE        2
                text7                          0012EA  000059  001343      25D4       0  CODE        2
                text18                         001343  00005D  0013A0      2686       0  CODE        2
                text31                         0013A0  00006C  00140C      2740       0  CODE        2
                text22                         00140C  000089  001495      2818       0  CODE        2
                text14                         001495  00008E  001523      292A       0  CODE        2
                text23                         001523  00008F  0015B2      2A46       0  CODE        2
                text30                         0015B2  0000B8  00166A      2B64       0  CODE        2
                text8                          00166A  0000C3  00172D      2CD4       0  CODE        2
                text29                         00172D  0000D3  001800      2E5A       0  CODE        2
                config                         002007  000001  002008      400E       0  CONFIG      2


UNUSED ADDRESS RANGES

        Name                Unused          Largest block    Delta
        BANK0            006E-006F              2           1
        BANK1            00BE-00EF             32           1
        BANK2            0124-016F             4C           1
        BANK3            01E6-01EF              A           1
        CODE             0800-0800              1           2
                         10AF-10C9             1B
                         1800-1FFF            800
        CONST            0800-0800              1           2
                         10AF-10C9             1B
                         1800-1FFF            100
        EEDATA           2100-21FF            100           2
        ENTRY            0800-0800              1           2
                         10AF-10C9             1B
                         1800-1FFF            100
        IDLOC            2000-2003              4           2
        RAM              006E-006F              2           1
                         00BE-00EF             32
                         0124-016F             4C
                         01E6-01EF              A
        SFR0             0000-001F             20           1
        SFR1             0080-009F             20           1
        SFR2             0100-010F             10           1
        SFR3             0180-018F             10           1
        STACK            0124-016F             4C           1
        STRCODE          0800-0800              1           2
                         10AF-10C9             1B
                         1800-1FFF            800
        STRING           0800-0800              1           2
                         10AF-10C9             1B
                         1800-1FFF            100

                                  Symbol Table

?_ADC_Read                  cstackCOMMON 0070
?_Get_Voltage               cstackBANK0  0046
?___awdiv                   cstackCOMMON 0070
?___awmod                   cstackCOMMON 0079
?___ftadd                   cstackBANK0  0046
?___ftdiv                   cstackBANK0  0036
?___ftmul                   cstackBANK0  0026
?___ftneg                   cstackCOMMON 0070
?___ftpack                  cstackCOMMON 0070
?___ftsub                   cstackBANK0  0053
?___fttol                   cstackBANK0  003F
?___lldiv                   cstackCOMMON 0070
?___llmod                   cstackBANK0  0020
?___lltoft                  cstackCOMMON 0078
?___lwtoft                  cstackCOMMON 0078
?___wmul                    cstackCOMMON 0070
?__div_to_l_                cstackCOMMON 0070
?__tdiv_to_l_               cstackCOMMON 0070
?_fround                    cstackBANK0  0036
?_scale                     cstackBANK0  0036
?_sprintf                   cstackBANK0  0059
ADC_Init@Uref               cstackCOMMON 0070
ADC_Read@channel            cstackCOMMON 0074
Get_Voltage@channel         cstackBANK0  004D
Get_Voltage@voltage         cstackBANK0  004A
_ADCON0                     (abs)        001F
_ADCS0                      (abs)        00FE
_ADCS1                      (abs)        00FF
_ADC_Init                   text33       10F5
_ADC_Read                   text32       121C
_ADFM                       (abs)        04FF
_ADON                       (abs)        00F8
_ADRESH                     (abs)        001E
_ADRESL                     (abs)        009E
_GO_nDONE                   (abs)        00FA
_Get_Voltage                text27       1299
_PCFG0                      (abs)        04F8
_PCFG1                      (abs)        04F9
_PCFG2                      (abs)        04FA
_PCFG3                      (abs)        04FB
_PORTBbits                  (abs)        0006
_PORTCbits                  (abs)        0007
_TRISB                      (abs)        0086
_TRISC                      (abs)        0087
_Vref                       bssBANK1     00BB
__CFG_BOREN$OFF             (abs)        0000
__CFG_CP$OFF                (abs)        0000
__CFG_CPD$OFF               (abs)        0000
__CFG_FOSC$XT               (abs)        0000
__CFG_LVP$OFF               (abs)        0000
__CFG_PWRTE$OFF             (abs)        0000
__CFG_WDTE$OFF              (abs)        0000
__CFG_WRT$OFF               (abs)        0000
__Habs1                     abs1         0000
__Hbank0                    bank0        0000
__Hbank1                    bank1        0000
__Hbank2                    bank2        0000
__Hbank3                    bank3        0000
__HbssBANK1                 bssBANK1     0000
__Hcinit                    cinit        0800
__Hclrtext                  clrtext      0000
__Hcode                     code         0000
__Hcommon                   common       0000
__Hconfig                   config       2008
__HcstackBANK0              cstackBANK0  0000
__HcstackBANK1              cstackBANK1  0000
__HcstackBANK2              cstackBANK2  0000
__HcstackBANK3              cstackBANK3  0000
__HcstackCOMMON             cstackCOMMON 0000
__Heeprom_data              eeprom_data  0000
__Hend_init                 end_init     0003
__Hfunctab                  functab      0000
__Hidloc                    idloc        0000
__Hinit                     init         0000
__Hintentry                 intentry     0000
__Hmaintext                 maintext     0000
__Hpowerup                  powerup      0000
__Hram                      ram          0000
__Hreset_vec                reset_vec    0000
__Hsfr0                     sfr0         0000
__Hsfr1                     sfr1         0000
__Hsfr2                     sfr2         0000
__Hsfr3                     sfr3         0000
__Hspace_0                  (abs)        2008
__Hspace_1                  (abs)        01E6
__Hspace_2                  (abs)        0000
__Hspace_3                  (abs)        0000
__Hstack                    stack        0000
__Hstrings                  strings      0000
__Htext                     text         0000
__Labs1                     abs1         0000
__Lbank0                    bank0        0000
__Lbank1                    bank1        0000
__Lbank2                    bank2        0000
__Lbank3                    bank3        0000
__LbssBANK1                 bssBANK1     0000
__Lcinit                    cinit        07F7
__Lclrtext                  clrtext      0000
__Lcode                     code         0000
__Lcommon                   common       0000
__Lconfig                   config       2007
__LcstackBANK0              cstackBANK0  0000
__LcstackBANK1              cstackBANK1  0000
__LcstackBANK2              cstackBANK2  0000
__LcstackBANK3              cstackBANK3  0000
__LcstackCOMMON             cstackCOMMON 0000
__Leeprom_data              eeprom_data  0000
__Lend_init                 end_init     0000
__Lfunctab                  functab      0000
__Lidloc                    idloc        0000
__Linit                     init         0000
__Lintentry                 intentry     0000
__Lmaintext                 maintext     0000
__Lpowerup                  powerup      0000
__Lram                      ram          0000
__Lreset_vec                reset_vec    0000
__Lsfr0                     sfr0         0000
__Lsfr1                     sfr1         0000
__Lsfr2                     sfr2         0000
__Lsfr3                     sfr3         0000
__Lspace_0                  (abs)        0000
__Lspace_1                  (abs)        0000
__Lspace_2                  (abs)        0000
__Lspace_3                  (abs)        0000
__Lstack                    stack        0000
__Lstrings                  strings      0000
__Ltext                     text         0000
__S0                        (abs)        2008
__S1                        (abs)        01E6
__S2                        (abs)        0000
__S3                        (abs)        0000
___awdiv                    text7        12EA
___awdiv@counter            cstackCOMMON 0075
___awdiv@dividend           cstackCOMMON 0072
___awdiv@divisor            cstackCOMMON 0070
___awdiv@quotient           cstackCOMMON 0077
___awdiv@sign               cstackCOMMON 0076
___awmod                    text6        124C
___awmod@counter            cstackBANK0  0020
___awmod@dividend           cstackCOMMON 007B
___awmod@divisor            cstackCOMMON 0079
___awmod@sign               cstackBANK0  0021
___bmul                     text5        1108
___bmul@multiplicand        cstackBANK0  0022
___bmul@multiplier          cstackBANK0  0025
___bmul@product             cstackBANK0  0024
___ftadd                    text16       0867
___ftadd@exp1               cstackBANK0  0052
___ftadd@exp2               cstackBANK0  0051
___ftadd@f1                 cstackBANK0  0046
___ftadd@f2                 cstackBANK0  0049
___ftadd@sign               cstackBANK0  0050
___ftdiv                    text30       15B2
___ftdiv@cntr               cstackBANK0  0040
___ftdiv@exp                cstackBANK0  0044
___ftdiv@f1                 cstackBANK0  0039
___ftdiv@f2                 cstackBANK0  0036
___ftdiv@f3                 cstackBANK0  0041
___ftdiv@sign               cstackBANK0  0045
___ftge                     text18       1343
___ftge@ff1                 cstackCOMMON 0070
___ftge@ff2                 cstackCOMMON 0073
___ftmul                    text29       172D
___ftmul@cntr               cstackBANK0  0034
___ftmul@exp                cstackBANK0  0030
___ftmul@f1                 cstackBANK0  0026
___ftmul@f2                 cstackBANK0  0029
___ftmul@f3_as_product      cstackBANK0  0031
___ftmul@sign               cstackBANK0  0035
___ftneg                    text17       0801
___ftneg@f1                 cstackCOMMON 0070
___ftpack                   text31       13A0
___ftpack@arg               cstackCOMMON 0070
___ftpack@exp               cstackCOMMON 0073
___ftpack@sign              cstackCOMMON 0074
___ftsub                    text15       1161
___ftsub@f1                 cstackBANK0  0056
___ftsub@f2                 cstackBANK0  0053
___fttol                    text14       1495
___fttol@exp1               cstackBANK0  004C
___fttol@f1                 cstackBANK0  003F
___fttol@lval               cstackBANK0  0048
___fttol@sign1              cstackBANK0  0047
___int_sp                   stack        0000
___latbits                  (abs)        0002
___lldiv                    text13       0809
___lldiv@counter            cstackCOMMON 007D
___lldiv@dividend           cstackCOMMON 0074
___lldiv@divisor            cstackCOMMON 0070
___lldiv@quotient           cstackCOMMON 0079
___llmod                    text12       0003
___llmod@counter            cstackBANK0  0029
___llmod@dividend           cstackBANK0  0024
___llmod@divisor            cstackBANK0  0020
___lltoft                   text11       11F1
___lltoft@c                 cstackCOMMON 0078
___lltoft@exp               cstackCOMMON 007D
___lwtoft                   text28       111B
___lwtoft@c                 cstackCOMMON 0078
___sp                       stack        0000
___wmul                     text10       1182
___wmul@multiplicand        cstackCOMMON 0072
___wmul@multiplier          cstackCOMMON 0070
___wmul@product             cstackCOMMON 0074
__div_to_l_                 text9        0A99
__div_to_l_@cntr            cstackBANK0  0024
__div_to_l_@exp1            cstackBANK0  0025
__div_to_l_@f1              cstackCOMMON 0070
__div_to_l_@f2              cstackCOMMON 0073
__div_to_l_@quot            cstackBANK0  0020
__end_of_ADC_Init           text33       1108
__end_of_ADC_Read           text32       124C
__end_of_Get_Voltage        text27       12EA
__end_of___awdiv            text7        1343
__end_of___awmod            text6        1299
__end_of___bmul             text5        111B
__end_of___ftadd            text16       0970
__end_of___ftdiv            text30       166A
__end_of___ftge             text18       13A0
__end_of___ftmul            text29       1800
__end_of___ftneg            text17       0809
__end_of___ftpack           text31       140C
__end_of___ftsub            text15       1182
__end_of___fttol            text14       1523
__end_of___lldiv            text13       0867
__end_of___llmod            text12       0051
__end_of___lltoft           text11       121C
__end_of___lwtoft           text28       112F
__end_of___wmul             text10       11A3
__end_of__div_to_l_         text9        0BCB
__end_of__initialization    cinit        07FC
__end_of__npowers_          strings      1086
__end_of__powers_           strings      105F
__end_of__stringtab         strings      1010
__end_of__tdiv_to_l_        text8        172D
__end_of_dpowers            strings      1038
__end_of_fround             text4        0D65
__end_of_isdigit            text3        10E3
__end_of_lcd_char_out       text21       11F1
__end_of_lcd_clear          text24       10D5
__end_of_lcd_com            text25       1147
__end_of_lcd_gotoxy         text22       1495
__end_of_lcd_init           text23       15B2
__end_of_lcd_out            text26       1161
__end_of_lcd_printString    text20       11C6
__end_of_lcd_printStringXY  text19       10F5
__end_of_main               maintext     0A99
__end_of_scale              text2        1000
__end_of_sprintf            text1        07F7
__initialization            cinit        07F7
__npowers_                  strings      105F
__pbssBANK1                 bssBANK1     00BB
__pcstackBANK0              cstackBANK0  0020
__pcstackBANK1              cstackBANK1  00A0
__pcstackBANK2              cstackBANK2  0110
__pcstackBANK3              cstackBANK3  0190
__pcstackCOMMON             cstackCOMMON 0070
__pmaintext                 maintext     0970
__powers_                   strings      1038
__pstrings                  strings      1000
__ptext1                    text1        0051
__ptext10                   text10       1182
__ptext11                   text11       11F1
__ptext12                   text12       0003
__ptext13                   text13       0809
__ptext14                   text14       1495
__ptext15                   text15       1161
__ptext16                   text16       0867
__ptext17                   text17       0801
__ptext18                   text18       1343
__ptext19                   text19       10E3
__ptext2                    text2        0D65
__ptext20                   text20       11A3
__ptext21                   text21       11C6
__ptext22                   text22       140C
__ptext23                   text23       1523
__ptext24                   text24       10CA
__ptext25                   text25       112F
__ptext26                   text26       1147
__ptext27                   text27       1299
__ptext28                   text28       111B
__ptext29                   text29       172D
__ptext3                    text3        10D5
__ptext30                   text30       15B2
__ptext31                   text31       13A0
__ptext32                   text32       121C
__ptext33                   text33       10F5
__ptext4                    text4        0BCB
__ptext5                    text5        1108
__ptext6                    text6        124C
__ptext7                    text7        12EA
__ptext8                    text8        166A
__ptext9                    text9        0A99
__size_of_ADC_Init          (abs)        0000
__size_of_ADC_Read          (abs)        0000
__size_of_Get_Voltage       (abs)        0000
__size_of___awdiv           (abs)        0000
__size_of___awmod           (abs)        0000
__size_of___bmul            (abs)        0000
__size_of___ftadd           (abs)        0000
__size_of___ftdiv           (abs)        0000
__size_of___ftge            (abs)        0000
__size_of___ftmul           (abs)        0000
__size_of___ftneg           (abs)        0000
__size_of___ftpack          (abs)        0000
__size_of___ftsub           (abs)        0000
__size_of___fttol           (abs)        0000
__size_of___lldiv           (abs)        0000
__size_of___llmod           (abs)        0000
__size_of___lltoft          (abs)        0000
__size_of___lwtoft          (abs)        0000
__size_of___wmul            (abs)        0000
__size_of__div_to_l_        (abs)        0000
__size_of__tdiv_to_l_       (abs)        0000
__size_of_fround            (abs)        0000
__size_of_isdigit           (abs)        0000
__size_of_lcd_char_out      (abs)        0000
__size_of_lcd_clear         (abs)        0000
__size_of_lcd_com           (abs)        0000
__size_of_lcd_gotoxy        (abs)        0000
__size_of_lcd_init          (abs)        0000
__size_of_lcd_out           (abs)        0000
__size_of_lcd_printString   (abs)        0000
__size_of_lcd_printStringXY (abs)        0000
__size_of_main              (abs)        0000
__size_of_scale             (abs)        0000
__size_of_sprintf           (abs)        0000
__stringbase                strings      100F
__stringtab                 strings      1000
__tdiv_to_l_                text8        166A
__tdiv_to_l_@cntr           cstackBANK0  0024
__tdiv_to_l_@exp1           cstackBANK0  0025
__tdiv_to_l_@f1             cstackCOMMON 0070
__tdiv_to_l_@f2             cstackCOMMON 0073
__tdiv_to_l_@quot           cstackBANK0  0020
_dpowers                    strings      1010
_fround                     text4        0BCB
_fround$659                 cstackBANK0  0042
_fround$660                 cstackBANK0  003F
_isdigit                    text3        10D5
_isdigit$438                cstackCOMMON 0070
_lcd_char_out               text21       11C6
_lcd_clear                  text24       10CA
_lcd_com                    text25       112F
_lcd_gotoxy                 text22       140C
_lcd_init                   text23       1523
_lcd_out                    text26       1147
_lcd_printString            text20       11A3
_lcd_printStringXY          text19       10E3
_main                       maintext     0970
_main$655                   cstackBANK1  00B7
_main$656                   cstackBANK1  00B9
_main$657                   cstackBANK3  01E0
_main$658                   cstackBANK3  01E2
_scale                      text2        0D65
_scale$661                  cstackBANK0  003B
_sprintf                    text1        0051
_sprintf$662                cstackBANK1  00A0
btemp                       (abs)        007E
end_of_initialization       cinit        07FC
fround@prec                 cstackBANK0  0045
intlevel0                   functab      0000
intlevel1                   functab      0000
intlevel2                   functab      0000
intlevel3                   functab      0000
intlevel4                   functab      0000
intlevel5                   functab      0000
isdigit@c                   cstackCOMMON 0071
lcd_char_out@data           cstackCOMMON 0073
lcd_com@com                 cstackCOMMON 0073
lcd_gotoxy@temp             cstackCOMMON 0077
lcd_gotoxy@x                cstackCOMMON 0076
lcd_gotoxy@y                cstackCOMMON 0074
lcd_init@lcd                cstackCOMMON 0076
lcd_out@data                cstackCOMMON 0070
lcd_printString@str         cstackCOMMON 0074
lcd_printStringXY@str       cstackCOMMON 0078
lcd_printStringXY@x         cstackCOMMON 007A
lcd_printStringXY@y         cstackCOMMON 007B
main@buffer                 cstackBANK2  0110
main@bufferVoltage          cstackBANK3  0190
main@data                   cstackBANK3  01E4
main@volt                   cstackBANK0  006B
reset_vec                   reset_vec    0000
scale@scl                   cstackBANK0  003E
sprintf@ap                  cstackBANK1  00A3
sprintf@c                   cstackBANK1  00B6
sprintf@exp                 cstackBANK1  00A6
sprintf@f                   cstackBANK0  0059
sprintf@flag                cstackBANK1  00A4
sprintf@fval                cstackBANK1  00B3
sprintf@prec                cstackBANK1  00B1
sprintf@sp                  cstackBANK1  00B0
sprintf@tmpval              cstackBANK1  00A8
sprintf@val                 cstackBANK1  00AC
stackhi                     (abs)        0000
stacklo                     (abs)        0000
start                       init         0000
start_initialization        cinit        07F7
wtemp0                      (abs)        007E


FUNCTION INFORMATION:

 *************** function _main *****************
 Defined at:
		line 5 in file "main.c"
 Parameters:    Size  Location     Type
		None
 Auto vars:     Size  Location     Type
  volt            3   75[BANK0 ] float 
  data            2   84[BANK3 ] int 
  bufferVoltag   80    0[BANK3 ] unsigned char [80]
  buffer         20    0[BANK2 ] unsigned char [20]
 Return value:  Size  Location     Type
                  1    wreg      void 
 Registers used:
		wreg, fsr0l, fsr0h, status,2, status,0, btemp+1, pclath, cstack
 Tracked objects:
		On entry : 
		On exit  : 
		Unchanged: 
 Data sizes:     COMMON   BANK0   BANK1   BANK3   BANK2
      Params:         0       0       0       0       0
      Locals:         0       3       4      86      20
      Temps:          0       3       0       0       0
      Totals:         0       6       4      86      20
Total ram usage:      116 bytes
 Hardware stack levels required when called:    4
 This function calls:
		_ADC_Init
		_ADC_Read
		_Get_Voltage
		___awdiv
		___awmod
		_lcd_clear
		_lcd_init
		_lcd_printStringXY
		_sprintf
 This function is called by:
		Startup code after reset
 This function uses a non-reentrant model


 *************** function _sprintf *****************
 Defined at:
		line 492 in file "C:\Program Files (x86)\Microchip\xc8\v1.44\sources\common\doprnt.c"
 Parameters:    Size  Location     Type
  sp              1    wreg     PTR unsigned char 
		 -> main@bufferVoltage(80), main@buffer(20), 
  f               1   57[BANK0 ] PTR const unsigned char 
		 -> STR_3(14), STR_2(15), 
 Auto vars:     Size  Location     Type
  sp              1   16[BANK1 ] PTR unsigned char 
		 -> main@bufferVoltage(80), main@buffer(20), 
  val             4   12[BANK1 ] unsigned long 
  tmpval          4    8[BANK1 ] struct .
  fval            3   19[BANK1 ] struct .
  prec            2   17[BANK1 ] int 
  exp             2    6[BANK1 ] int 
  flag            2    4[BANK1 ] unsigned short 
  cp              2    0        PTR const unsigned char 
  len             2    0        unsigned int 
  width           2    0        int 
  c               1   22[BANK1 ] char 
  ap              1    3[BANK1 ] PTR void [1]
		 -> ?_sprintf(2), 
  d               1    0        unsigned char 
 Return value:  Size  Location     Type
                  2   57[BANK0 ] int 
 Registers used:
		wreg, fsr0l, fsr0h, status,2, status,0, btemp+1, pclath, cstack
 Tracked objects:
		On entry : 
		On exit  : 
		Unchanged: 
 Data sizes:     COMMON   BANK0   BANK1   BANK3   BANK2
      Params:         0       9       0       0       0
      Locals:         0       0      23       0       0
      Temps:          0       6       0       0       0
      Totals:         0      15      23       0       0
Total ram usage:       38 bytes
 Hardware stack levels used:    1
 Hardware stack levels required when called:    3
 This function calls:
		___awdiv
		___ftadd
		___ftge
		___ftmul
		___ftneg
		___ftsub
		___fttol
		___lldiv
		___llmod
		___lltoft
		___wmul
		__div_to_l_
		__tdiv_to_l_
		_fround
		_isdigit
		_scale
 This function is called by:
		_main
 This function uses a non-reentrant model


 *************** function _scale *****************
 Defined at:
		line 425 in file "C:\Program Files (x86)\Microchip\xc8\v1.44\sources\common\doprnt.c"
 Parameters:    Size  Location     Type
  scl             1    wreg     char 
 Auto vars:     Size  Location     Type
  scl             1   30[BANK0 ] char 
 Return value:  Size  Location     Type
                  3   22[BANK0 ] char 
 Registers used:
		wreg, fsr0l, fsr0h, status,2, status,0, pclath, cstack
 Tracked objects:
		On entry : 
		On exit  : 
		Unchanged: 
 Data sizes:     COMMON   BANK0   BANK1   BANK3   BANK2
      Params:         0       3       0       0       0
      Locals:         0       4       0       0       0
      Temps:          0       2       0       0       0
      Totals:         0       9       0       0       0
Total ram usage:        9 bytes
 Hardware stack levels used:    1
 Hardware stack levels required when called:    2
 This function calls:
		___awdiv
		___awmod
		___bmul
		___ftmul
 This function is called by:
		_sprintf
 This function uses a non-reentrant model


 *************** function _isdigit *****************
 Defined at:
		line 8 in file "C:\Program Files (x86)\Microchip\xc8\v1.44\sources\common\isdigit.c"
 Parameters:    Size  Location     Type
  c               1    wreg     unsigned char 
 Auto vars:     Size  Location     Type
  c               1    1[COMMON] unsigned char 
 Return value:  Size  Location     Type
		None               void
 Registers used:
		wreg, status,2, status,0
 Tracked objects:
		On entry : 
		On exit  : 
		Unchanged: 
 Data sizes:     COMMON   BANK0   BANK1   BANK3   BANK2
      Params:         0       0       0       0       0
      Locals:         2       0       0       0       0
      Temps:          0       0       0       0       0
      Totals:         2       0       0       0       0
Total ram usage:        2 bytes
 Hardware stack levels used:    1
 This function calls:
		Nothing
 This function is called by:
		_sprintf
 This function uses a non-reentrant model


 *************** function _fround *****************
 Defined at:
		line 409 in file "C:\Program Files (x86)\Microchip\xc8\v1.44\sources\common\doprnt.c"
 Parameters:    Size  Location     Type
  prec            1    wreg     unsigned char 
 Auto vars:     Size  Location     Type
  prec            1   37[BANK0 ] unsigned char 
 Return value:  Size  Location     Type
                  3   22[BANK0 ] unsigned char 
 Registers used:
		wreg, fsr0l, fsr0h, status,2, status,0, pclath, cstack
 Tracked objects:
		On entry : 
		On exit  : 
		Unchanged: 
 Data sizes:     COMMON   BANK0   BANK1   BANK3   BANK2
      Params:         0       3       0       0       0
      Locals:         0       7       0       0       0
      Temps:          0       6       0       0       0
      Totals:         0      16       0       0       0
Total ram usage:       16 bytes
 Hardware stack levels used:    1
 Hardware stack levels required when called:    2
 This function calls:
		___awdiv
		___awmod
		___bmul
		___ftmul
 This function is called by:
		_sprintf
 This function uses a non-reentrant model


 *************** function ___bmul *****************
 Defined at:
		line 4 in file "C:\Program Files (x86)\Microchip\xc8\v1.44\sources\common\Umul8.c"
 Parameters:    Size  Location     Type
  multiplier      1    wreg     unsigned char 
  multiplicand    1    2[BANK0 ] unsigned char 
 Auto vars:     Size  Location     Type
  multiplier      1    5[BANK0 ] unsigned char 
  product         1    4[BANK0 ] unsigned char 
 Return value:  Size  Location     Type
                  1    wreg      unsigned char 
 Registers used:
		wreg, status,2, status,0
 Tracked objects:
		On entry : 
		On exit  : 
		Unchanged: 
 Data sizes:     COMMON   BANK0   BANK1   BANK3   BANK2
      Params:         0       1       0       0       0
      Locals:         0       2       0       0       0
      Temps:          0       1       0       0       0
      Totals:         0       4       0       0       0
Total ram usage:        4 bytes
 Hardware stack levels used:    1
 This function calls:
		Nothing
 This function is called by:
		_fround
		_scale
 This function uses a non-reentrant model


 *************** function ___awmod *****************
 Defined at:
		line 6 in file "C:\Program Files (x86)\Microchip\xc8\v1.44\sources\common\awmod.c"
 Parameters:    Size  Location     Type
  divisor         2    9[COMMON] int 
  dividend        2   11[COMMON] int 
 Auto vars:     Size  Location     Type
  sign            1    1[BANK0 ] unsigned char 
  counter         1    0[BANK0 ] unsigned char 
 Return value:  Size  Location     Type
                  2    9[COMMON] int 
 Registers used:
		wreg, status,2, status,0
 Tracked objects:
		On entry : 
		On exit  : 
		Unchanged: 
 Data sizes:     COMMON   BANK0   BANK1   BANK3   BANK2
      Params:         4       0       0       0       0
      Locals:         0       2       0       0       0
      Temps:          1       0       0       0       0
      Totals:         5       2       0       0       0
Total ram usage:        7 bytes
 Hardware stack levels used:    1
 This function calls:
		Nothing
 This function is called by:
		_main
		_fround
		_scale
 This function uses a non-reentrant model


 *************** function ___awdiv *****************
 Defined at:
		line 6 in file "C:\Program Files (x86)\Microchip\xc8\v1.44\sources\common\awdiv.c"
 Parameters:    Size  Location     Type
  divisor         2    0[COMMON] int 
  dividend        2    2[COMMON] int 
 Auto vars:     Size  Location     Type
  quotient        2    7[COMMON] int 
  sign            1    6[COMMON] unsigned char 
  counter         1    5[COMMON] unsigned char 
 Return value:  Size  Location     Type
                  2    0[COMMON] int 
 Registers used:
		wreg, status,2, status,0
 Tracked objects:
		On entry : 
		On exit  : 
		Unchanged: 
 Data sizes:     COMMON   BANK0   BANK1   BANK3   BANK2
      Params:         4       0       0       0       0
      Locals:         4       0       0       0       0
      Temps:          1       0       0       0       0
      Totals:         9       0       0       0       0
Total ram usage:        9 bytes
 Hardware stack levels used:    1
 This function calls:
		Nothing
 This function is called by:
		_main
		_fround
		_scale
		_sprintf
 This function uses a non-reentrant model


 *************** function __tdiv_to_l_ *****************
 Defined at:
		line 60 in file "C:\Program Files (x86)\Microchip\xc8\v1.44\sources\common\ftdivl.c"
 Parameters:    Size  Location     Type
  f1              3    0[COMMON] float 
  f2              3    3[COMMON] float 
 Auto vars:     Size  Location     Type
  quot            4    0[BANK0 ] unsigned long 
  exp1            1    5[BANK0 ] unsigned char 
  cntr            1    4[BANK0 ] unsigned char 
 Return value:  Size  Location     Type
                  4    0[COMMON] unsigned long 
 Registers used:
		wreg, status,2, status,0
 Tracked objects:
		On entry : 
		On exit  : 
		Unchanged: 
 Data sizes:     COMMON   BANK0   BANK1   BANK3   BANK2
      Params:         6       0       0       0       0
      Locals:         0       6       0       0       0
      Temps:          4       0       0       0       0
      Totals:        10       6       0       0       0
Total ram usage:       16 bytes
 Hardware stack levels used:    1
 This function calls:
		Nothing
 This function is called by:
		_sprintf
 This function uses a non-reentrant model


 *************** function __div_to_l_ *****************
 Defined at:
		line 60 in file "C:\Program Files (x86)\Microchip\xc8\v1.44\sources\common\fldivl.c"
 Parameters:    Size  Location     Type
  f1              3    0[COMMON] unsigned long 
  f2              3    3[COMMON] unsigned long 
 Auto vars:     Size  Location     Type
  quot            4    0[BANK0 ] unsigned long 
  exp1            1    5[BANK0 ] unsigned char 
  cntr            1    4[BANK0 ] unsigned char 
 Return value:  Size  Location     Type
                  4    0[COMMON] unsigned long 
 Registers used:
		wreg, fsr0l, fsr0h, status,2, status,0
 Tracked objects:
		On entry : 
		On exit  : 
		Unchanged: 
 Data sizes:     COMMON   BANK0   BANK1   BANK3   BANK2
      Params:         6       0       0       0       0
      Locals:         0       6       0       0       0
      Temps:          8       0       0       0       0
      Totals:        14       6       0       0       0
Total ram usage:       20 bytes
 Hardware stack levels used:    1
 This function calls:
		Nothing
 This function is called by:
		_sprintf
 This function uses a non-reentrant model


 *************** function ___wmul *****************
 Defined at:
		line 15 in file "C:\Program Files (x86)\Microchip\xc8\v1.44\sources\common\Umul16.c"
 Parameters:    Size  Location     Type
  multiplier      2    0[COMMON] unsigned int 
  multiplicand    2    2[COMMON] unsigned int 
 Auto vars:     Size  Location     Type
  product         2    4[COMMON] unsigned int 
 Return value:  Size  Location     Type
                  2    0[COMMON] unsigned int 
 Registers used:
		wreg, status,2, status,0
 Tracked objects:
		On entry : 
		On exit  : 
		Unchanged: 
 Data sizes:     COMMON   BANK0   BANK1   BANK3   BANK2
      Params:         4       0       0       0       0
      Locals:         2       0       0       0       0
      Temps:          0       0       0       0       0
      Totals:         6       0       0       0       0
Total ram usage:        6 bytes
 Hardware stack levels used:    1
 This function calls:
		Nothing
 This function is called by:
		_sprintf
 This function uses a non-reentrant model


 *************** function ___lltoft *****************
 Defined at:
		line 35 in file "C:\Program Files (x86)\Microchip\xc8\v1.44\sources\common\lltoft.c"
 Parameters:    Size  Location     Type
  c               4    8[COMMON] unsigned long 
 Auto vars:     Size  Location     Type
  exp             1   13[COMMON] unsigned char 
 Return value:  Size  Location     Type
                  3    8[COMMON] float 
 Registers used:
		wreg, status,2, status,0, pclath, cstack
 Tracked objects:
		On entry : 
		On exit  : 
		Unchanged: 
 Data sizes:     COMMON   BANK0   BANK1   BANK3   BANK2
      Params:         4       0       0       0       0
      Locals:         1       0       0       0       0
      Temps:          1       0       0       0       0
      Totals:         6       0       0       0       0
Total ram usage:        6 bytes
 Hardware stack levels used:    1
 Hardware stack levels required when called:    1
 This function calls:
		___ftpack
 This function is called by:
		_sprintf
 This function uses a non-reentrant model


 *************** function ___llmod *****************
 Defined at:
		line 6 in file "C:\Program Files (x86)\Microchip\xc8\v1.44\sources\common\llmod.c"
 Parameters:    Size  Location     Type
  divisor         4    0[BANK0 ] unsigned long 
  dividend        4    4[BANK0 ] unsigned long 
 Auto vars:     Size  Location     Type
  counter         1    9[BANK0 ] unsigned char 
 Return value:  Size  Location     Type
                  4    0[BANK0 ] unsigned long 
 Registers used:
		wreg, status,2, status,0
 Tracked objects:
		On entry : 
		On exit  : 
		Unchanged: 
 Data sizes:     COMMON   BANK0   BANK1   BANK3   BANK2
      Params:         0       8       0       0       0
      Locals:         0       1       0       0       0
      Temps:          0       1       0       0       0
      Totals:         0      10       0       0       0
Total ram usage:       10 bytes
 Hardware stack levels used:    1
 This function calls:
		Nothing
 This function is called by:
		_sprintf
 This function uses a non-reentrant model


 *************** function ___lldiv *****************
 Defined at:
		line 6 in file "C:\Program Files (x86)\Microchip\xc8\v1.44\sources\common\lldiv.c"
 Parameters:    Size  Location     Type
  divisor         4    0[COMMON] unsigned long 
  dividend        4    4[COMMON] unsigned long 
 Auto vars:     Size  Location     Type
  quotient        4    9[COMMON] unsigned long 
  counter         1   13[COMMON] unsigned char 
 Return value:  Size  Location     Type
                  4    0[COMMON] unsigned long 
 Registers used:
		wreg, status,2, status,0
 Tracked objects:
		On entry : 
		On exit  : 
		Unchanged: 
 Data sizes:     COMMON   BANK0   BANK1   BANK3   BANK2
      Params:         8       0       0       0       0
      Locals:         5       0       0       0       0
      Temps:          1       0       0       0       0
      Totals:        14       0       0       0       0
Total ram usage:       14 bytes
 Hardware stack levels used:    1
 This function calls:
		Nothing
 This function is called by:
		_sprintf
 This function uses a non-reentrant model


 *************** function ___fttol *****************
 Defined at:
		line 44 in file "C:\Program Files (x86)\Microchip\xc8\v1.44\sources\common\fttol.c"
 Parameters:    Size  Location     Type
  f1              3   31[BANK0 ] float 
 Auto vars:     Size  Location     Type
  lval            4   40[BANK0 ] unsigned long 
  exp1            1   44[BANK0 ] unsigned char 
  sign1           1   39[BANK0 ] unsigned char 
 Return value:  Size  Location     Type
                  4   31[BANK0 ] long 
 Registers used:
		wreg, status,2, status,0
 Tracked objects:
		On entry : 
		On exit  : 
		Unchanged: 
 Data sizes:     COMMON   BANK0   BANK1   BANK3   BANK2
      Params:         0       4       0       0       0
      Locals:         0       6       0       0       0
      Temps:          0       4       0       0       0
      Totals:         0      14       0       0       0
Total ram usage:       14 bytes
 Hardware stack levels used:    1
 This function calls:
		Nothing
 This function is called by:
		_sprintf
 This function uses a non-reentrant model


 *************** function ___ftsub *****************
 Defined at:
		line 18 in file "C:\Program Files (x86)\Microchip\xc8\v1.44\sources\common\ftsub.c"
 Parameters:    Size  Location     Type
  f2              3   51[BANK0 ] float 
  f1              3   54[BANK0 ] float 
 Auto vars:     Size  Location     Type
		None
 Return value:  Size  Location     Type
                  3   51[BANK0 ] float 
 Registers used:
		wreg, status,2, status,0, pclath, cstack
 Tracked objects:
		On entry : 
		On exit  : 
		Unchanged: 
 Data sizes:     COMMON   BANK0   BANK1   BANK3   BANK2
      Params:         0       6       0       0       0
      Locals:         0       0       0       0       0
      Temps:          0       0       0       0       0
      Totals:         0       6       0       0       0
Total ram usage:        6 bytes
 Hardware stack levels used:    1
 Hardware stack levels required when called:    2
 This function calls:
		___ftadd
 This function is called by:
		_sprintf
 This function uses a non-reentrant model


 *************** function ___ftadd *****************
 Defined at:
		line 86 in file "C:\Program Files (x86)\Microchip\xc8\v1.44\sources\common\ftadd.c"
 Parameters:    Size  Location     Type
  f1              3   38[BANK0 ] float 
  f2              3   41[BANK0 ] float 
 Auto vars:     Size  Location     Type
  exp1            1   50[BANK0 ] unsigned char 
  exp2            1   49[BANK0 ] unsigned char 
  sign            1   48[BANK0 ] unsigned char 
 Return value:  Size  Location     Type
                  3   38[BANK0 ] float 
 Registers used:
		wreg, status,2, status,0, pclath, cstack
 Tracked objects:
		On entry : 
		On exit  : 
		Unchanged: 
 Data sizes:     COMMON   BANK0   BANK1   BANK3   BANK2
      Params:         0       6       0       0       0
      Locals:         0       3       0       0       0
      Temps:          0       4       0       0       0
      Totals:         0      13       0       0       0
Total ram usage:       13 bytes
 Hardware stack levels used:    1
 Hardware stack levels required when called:    1
 This function calls:
		___ftpack
 This function is called by:
		_sprintf
		___ftsub
 This function uses a non-reentrant model


 *************** function ___ftneg *****************
 Defined at:
		line 15 in file "C:\Program Files (x86)\Microchip\xc8\v1.44\sources\common\ftneg.c"
 Parameters:    Size  Location     Type
  f1              3    0[COMMON] float 
 Auto vars:     Size  Location     Type
		None
 Return value:  Size  Location     Type
                  3    0[COMMON] float 
 Registers used:
		wreg
 Tracked objects:
		On entry : 
		On exit  : 
		Unchanged: 
 Data sizes:     COMMON   BANK0   BANK1   BANK3   BANK2
      Params:         3       0       0       0       0
      Locals:         0       0       0       0       0
      Temps:          0       0       0       0       0
      Totals:         3       0       0       0       0
Total ram usage:        3 bytes
 Hardware stack levels used:    1
 This function calls:
		Nothing
 This function is called by:
		_sprintf
 This function uses a non-reentrant model


 *************** function ___ftge *****************
 Defined at:
		line 4 in file "C:\Program Files (x86)\Microchip\xc8\v1.44\sources\common\ftge.c"
 Parameters:    Size  Location     Type
  ff1             3    0[COMMON] float 
  ff2             3    3[COMMON] float 
 Auto vars:     Size  Location     Type
		None
 Return value:  Size  Location     Type
		None               void
 Registers used:
		wreg, status,2, status,0
 Tracked objects:
		On entry : 
		On exit  : 
		Unchanged: 
 Data sizes:     COMMON   BANK0   BANK1   BANK3   BANK2
      Params:         6       0       0       0       0
      Locals:         0       0       0       0       0
      Temps:          6       0       0       0       0
      Totals:        12       0       0       0       0
Total ram usage:       12 bytes
 Hardware stack levels used:    1
 This function calls:
		Nothing
 This function is called by:
		_sprintf
 This function uses a non-reentrant model


 *************** function _lcd_printStringXY *****************
 Defined at:
		line 200 in file "LCDlib.c"
 Parameters:    Size  Location     Type
  str             2    8[COMMON] PTR unsigned char 
		 -> main@bufferVoltage(80), main@buffer(20), STR_1(12), 
  x               1   10[COMMON] unsigned char 
  y               1   11[COMMON] unsigned char 
 Auto vars:     Size  Location     Type
		None
 Return value:  Size  Location     Type
                  1    wreg      void 
 Registers used:
		wreg, fsr0l, fsr0h, status,2, status,0, btemp+1, pclath, cstack
 Tracked objects:
		On entry : 
		On exit  : 
		Unchanged: 
 Data sizes:     COMMON   BANK0   BANK1   BANK3   BANK2
      Params:         4       0       0       0       0
      Locals:         0       0       0       0       0
      Temps:          1       0       0       0       0
      Totals:         5       0       0       0       0
Total ram usage:        5 bytes
 Hardware stack levels used:    1
 Hardware stack levels required when called:    3
 This function calls:
		_lcd_gotoxy
		_lcd_printString
 This function is called by:
		_main
 This function uses a non-reentrant model


 *************** function _lcd_printString *****************
 Defined at:
		line 138 in file "LCDlib.c"
 Parameters:    Size  Location     Type
  str             2    4[COMMON] PTR unsigned char 
		 -> main@bufferVoltage(80), main@buffer(20), STR_1(12), 
 Auto vars:     Size  Location     Type
		None
 Return value:  Size  Location     Type
                  1    wreg      void 
 Registers used:
		wreg, fsr0l, fsr0h, status,2, status,0, btemp+1, pclath, cstack
 Tracked objects:
		On entry : 
		On exit  : 
		Unchanged: 
 Data sizes:     COMMON   BANK0   BANK1   BANK3   BANK2
      Params:         2       0       0       0       0
      Locals:         0       0       0       0       0
      Temps:          0       0       0       0       0
      Totals:         2       0       0       0       0
Total ram usage:        2 bytes
 Hardware stack levels used:    1
 Hardware stack levels required when called:    2
 This function calls:
		_lcd_char_out
 This function is called by:
		_lcd_printStringXY
 This function uses a non-reentrant model


 *************** function _lcd_char_out *****************
 Defined at:
		line 120 in file "LCDlib.c"
 Parameters:    Size  Location     Type
  data            1    wreg     unsigned char 
 Auto vars:     Size  Location     Type
  data            1    3[COMMON] unsigned char 
 Return value:  Size  Location     Type
                  1    wreg      void 
 Registers used:
		wreg, status,2, status,0, pclath, cstack
 Tracked objects:
		On entry : 
		On exit  : 
		Unchanged: 
 Data sizes:     COMMON   BANK0   BANK1   BANK3   BANK2
      Params:         0       0       0       0       0
      Locals:         1       0       0       0       0
      Temps:          2       0       0       0       0
      Totals:         3       0       0       0       0
Total ram usage:        3 bytes
 Hardware stack levels used:    1
 Hardware stack levels required when called:    1
 This function calls:
		_lcd_out
 This function is called by:
		_lcd_printString
		_lcd_simbol
 This function uses a non-reentrant model


 *************** function _lcd_gotoxy *****************
 Defined at:
		line 155 in file "LCDlib.c"
 Parameters:    Size  Location     Type
  x               1    wreg     unsigned char 
  y               1    4[COMMON] unsigned char 
 Auto vars:     Size  Location     Type
  x               1    6[COMMON] unsigned char 
  temp            1    7[COMMON] unsigned char 
 Return value:  Size  Location     Type
                  1    wreg      void 
 Registers used:
		wreg, fsr0l, fsr0h, status,2, status,0, pclath, cstack
 Tracked objects:
		On entry : 
		On exit  : 
		Unchanged: 
 Data sizes:     COMMON   BANK0   BANK1   BANK3   BANK2
      Params:         1       0       0       0       0
      Locals:         2       0       0       0       0
      Temps:          1       0       0       0       0
      Totals:         4       0       0       0       0
Total ram usage:        4 bytes
 Hardware stack levels used:    1
 Hardware stack levels required when called:    2
 This function calls:
		_lcd_com
 This function is called by:
		_lcd_printStringXY
		_lcd_simbol
 This function uses a non-reentrant model


 *************** function _lcd_init *****************
 Defined at:
		line 79 in file "LCDlib.c"
 Parameters:    Size  Location     Type
  lcd             1    wreg     unsigned char 
 Auto vars:     Size  Location     Type
  lcd             1    6[COMMON] unsigned char 
 Return value:  Size  Location     Type
                  1    wreg      void 
 Registers used:
		wreg, fsr0l, fsr0h, status,2, status,0, pclath, cstack
 Tracked objects:
		On entry : 
		On exit  : 
		Unchanged: 
 Data sizes:     COMMON   BANK0   BANK1   BANK3   BANK2
      Params:         0       0       0       0       0
      Locals:         1       0       0       0       0
      Temps:          2       0       0       0       0
      Totals:         3       0       0       0       0
Total ram usage:        3 bytes
 Hardware stack levels used:    1
 Hardware stack levels required when called:    2
 This function calls:
		_lcd_com
 This function is called by:
		_main
 This function uses a non-reentrant model


 *************** function _lcd_clear *****************
 Defined at:
		line 211 in file "LCDlib.c"
 Parameters:    Size  Location     Type
		None
 Auto vars:     Size  Location     Type
		None
 Return value:  Size  Location     Type
                  1    wreg      void 
 Registers used:
		wreg, status,2, status,0, pclath, cstack
 Tracked objects:
		On entry : 
		On exit  : 
		Unchanged: 
 Data sizes:     COMMON   BANK0   BANK1   BANK3   BANK2
      Params:         0       0       0       0       0
      Locals:         0       0       0       0       0
      Temps:          0       0       0       0       0
      Totals:         0       0       0       0       0
Total ram usage:        0 bytes
 Hardware stack levels used:    1
 Hardware stack levels required when called:    2
 This function calls:
		_lcd_com
 This function is called by:
		_main
 This function uses a non-reentrant model


 *************** function _lcd_com *****************
 Defined at:
		line 59 in file "LCDlib.c"
 Parameters:    Size  Location     Type
  com             1    wreg     unsigned char 
 Auto vars:     Size  Location     Type
  com             1    3[COMMON] unsigned char 
 Return value:  Size  Location     Type
                  1    wreg      void 
 Registers used:
		wreg, status,2, status,0, pclath, cstack
 Tracked objects:
		On entry : 
		On exit  : 
		Unchanged: 
 Data sizes:     COMMON   BANK0   BANK1   BANK3   BANK2
      Params:         0       0       0       0       0
      Locals:         1       0       0       0       0
      Temps:          2       0       0       0       0
      Totals:         3       0       0       0       0
Total ram usage:        3 bytes
 Hardware stack levels used:    1
 Hardware stack levels required when called:    1
 This function calls:
		_lcd_out
 This function is called by:
		_lcd_init
		_lcd_gotoxy
		_lcd_clear
		_lcd_simbol
 This function uses a non-reentrant model


 *************** function _lcd_out *****************
 Defined at:
		line 9 in file "LCDlib.c"
 Parameters:    Size  Location     Type
  data            1    wreg     unsigned char 
 Auto vars:     Size  Location     Type
  data            1    0[COMMON] unsigned char 
 Return value:  Size  Location     Type
                  1    wreg      void 
 Registers used:
		wreg
 Tracked objects:
		On entry : 
		On exit  : 
		Unchanged: 
 Data sizes:     COMMON   BANK0   BANK1   BANK3   BANK2
      Params:         0       0       0       0       0
      Locals:         1       0       0       0       0
      Temps:          0       0       0       0       0
      Totals:         1       0       0       0       0
Total ram usage:        1 bytes
 Hardware stack levels used:    1
 This function calls:
		Nothing
 This function is called by:
		_lcd_com
		_lcd_char_out
 This function uses a non-reentrant model


 *************** function _Get_Voltage *****************
 Defined at:
		line 66 in file "ADClib.c"
 Parameters:    Size  Location     Type
  channel         1    wreg     unsigned char 
 Auto vars:     Size  Location     Type
  channel         1   45[BANK0 ] unsigned char 
  voltage         3   42[BANK0 ] float 
 Return value:  Size  Location     Type
                  3   38[BANK0 ] float 
 Registers used:
		wreg, status,2, status,0, pclath, cstack
 Tracked objects:
		On entry : 
		On exit  : 
		Unchanged: 
 Data sizes:     COMMON   BANK0   BANK1   BANK3   BANK2
      Params:         0       4       0       0       0
      Locals:         0       4       0       0       0
      Temps:          0       0       0       0       0
      Totals:         0       8       0       0       0
Total ram usage:        8 bytes
 Hardware stack levels used:    1
 Hardware stack levels required when called:    2
 This function calls:
		_ADC_Read
		___ftdiv
		___ftmul
		___lwtoft
 This function is called by:
		_main
 This function uses a non-reentrant model


 *************** function ___lwtoft *****************
 Defined at:
		line 28 in file "C:\Program Files (x86)\Microchip\xc8\v1.44\sources\common\lwtoft.c"
 Parameters:    Size  Location     Type
  c               2    8[COMMON] unsigned int 
 Auto vars:     Size  Location     Type
		None
 Return value:  Size  Location     Type
                  3    8[COMMON] float 
 Registers used:
		wreg, status,2, status,0, pclath, cstack
 Tracked objects:
		On entry : 
		On exit  : 
		Unchanged: 
 Data sizes:     COMMON   BANK0   BANK1   BANK3   BANK2
      Params:         3       0       0       0       0
      Locals:         0       0       0       0       0
      Temps:          1       0       0       0       0
      Totals:         4       0       0       0       0
Total ram usage:        4 bytes
 Hardware stack levels used:    1
 Hardware stack levels required when called:    1
 This function calls:
		___ftpack
 This function is called by:
		_Get_Voltage
 This function uses a non-reentrant model


 *************** function ___ftmul *****************
 Defined at:
		line 62 in file "C:\Program Files (x86)\Microchip\xc8\v1.44\sources\common\ftmul.c"
 Parameters:    Size  Location     Type
  f1              3    6[BANK0 ] float 
  f2              3    9[BANK0 ] float 
 Auto vars:     Size  Location     Type
  f3_as_produc    3   17[BANK0 ] unsigned um
  sign            1   21[BANK0 ] unsigned char 
  cntr            1   20[BANK0 ] unsigned char 
  exp             1   16[BANK0 ] unsigned char 
 Return value:  Size  Location     Type
                  3    6[BANK0 ] float 
 Registers used:
		wreg, status,2, status,0, pclath, cstack
 Tracked objects:
		On entry : 
		On exit  : 
		Unchanged: 
 Data sizes:     COMMON   BANK0   BANK1   BANK3   BANK2
      Params:         0       6       0       0       0
      Locals:         0       6       0       0       0
      Temps:          0       4       0       0       0
      Totals:         0      16       0       0       0
Total ram usage:       16 bytes
 Hardware stack levels used:    1
 Hardware stack levels required when called:    1
 This function calls:
		___ftpack
 This function is called by:
		_Get_Voltage
		_fround
		_scale
		_sprintf
 This function uses a non-reentrant model


 *************** function ___ftdiv *****************
 Defined at:
		line 56 in file "C:\Program Files (x86)\Microchip\xc8\v1.44\sources\common\ftdiv.c"
 Parameters:    Size  Location     Type
  f2              3   22[BANK0 ] float 
  f1              3   25[BANK0 ] float 
 Auto vars:     Size  Location     Type
  f3              3   33[BANK0 ] float 
  sign            1   37[BANK0 ] unsigned char 
  exp             1   36[BANK0 ] unsigned char 
  cntr            1   32[BANK0 ] unsigned char 
 Return value:  Size  Location     Type
                  3   22[BANK0 ] float 
 Registers used:
		wreg, status,2, status,0, pclath, cstack
 Tracked objects:
		On entry : 
		On exit  : 
		Unchanged: 
 Data sizes:     COMMON   BANK0   BANK1   BANK3   BANK2
      Params:         0       6       0       0       0
      Locals:         0       6       0       0       0
      Temps:          0       4       0       0       0
      Totals:         0      16       0       0       0
Total ram usage:       16 bytes
 Hardware stack levels used:    1
 Hardware stack levels required when called:    1
 This function calls:
		___ftpack
 This function is called by:
		_Get_Voltage
 This function uses a non-reentrant model


 *************** function ___ftpack *****************
 Defined at:
		line 62 in file "C:\Program Files (x86)\Microchip\xc8\v1.44\sources\common\float.c"
 Parameters:    Size  Location     Type
  arg             3    0[COMMON] unsigned um
  exp             1    3[COMMON] unsigned char 
  sign            1    4[COMMON] unsigned char 
 Auto vars:     Size  Location     Type
		None
 Return value:  Size  Location     Type
                  3    0[COMMON] float 
 Registers used:
		wreg, status,2, status,0
 Tracked objects:
		On entry : 
		On exit  : 
		Unchanged: 
 Data sizes:     COMMON   BANK0   BANK1   BANK3   BANK2
      Params:         5       0       0       0       0
      Locals:         0       0       0       0       0
      Temps:          3       0       0       0       0
      Totals:         8       0       0       0       0
Total ram usage:        8 bytes
 Hardware stack levels used:    1
 This function calls:
		Nothing
 This function is called by:
		___ftadd
		___ftdiv
		___ftmul
		___lltoft
		___lwtoft
 This function uses a non-reentrant model


 *************** function _ADC_Read *****************
 Defined at:
		line 43 in file "ADClib.c"
 Parameters:    Size  Location     Type
  channel         1    wreg     unsigned char 
 Auto vars:     Size  Location     Type
  channel         1    4[COMMON] unsigned char 
 Return value:  Size  Location     Type
                  2    0[COMMON] unsigned int 
 Registers used:
		wreg, status,2, status,0
 Tracked objects:
		On entry : 
		On exit  : 
		Unchanged: 
 Data sizes:     COMMON   BANK0   BANK1   BANK3   BANK2
      Params:         2       0       0       0       0
      Locals:         1       0       0       0       0
      Temps:          2       0       0       0       0
      Totals:         5       0       0       0       0
Total ram usage:        5 bytes
 Hardware stack levels used:    1
 This function calls:
		Nothing
 This function is called by:
		_main
		_Get_Voltage
 This function uses a non-reentrant model


 *************** function _ADC_Init *****************
 Defined at:
		line 9 in file "ADClib.c"
 Parameters:    Size  Location     Type
  Uref            3    0[COMMON] float 
 Auto vars:     Size  Location     Type
		None
 Return value:  Size  Location     Type
                  1    wreg      void 
 Registers used:
		wreg
 Tracked objects:
		On entry : 
		On exit  : 
		Unchanged: 
 Data sizes:     COMMON   BANK0   BANK1   BANK3   BANK2
      Params:         3       0       0       0       0
      Locals:         0       0       0       0       0
      Temps:          0       0       0       0       0
      Totals:         3       0       0       0       0
Total ram usage:        3 bytes
 Hardware stack levels used:    1
 This function calls:
		Nothing
 This function is called by:
		_main
 This function uses a non-reentrant model



MODULE INFORMATION

Module		Function		Class		Link	Load	Size
C:\Program Files (x86)\Microchip\xc8\v1.44\sources\common\llmod.c
		___llmod       		CODE           	0003	0000	79

C:\Program Files (x86)\Microchip\xc8\v1.44\sources\common\llmod.c estimated size: 79

ADClib.c
		_Get_Voltage   		CODE           	1299	0000	82
		_ADC_Read      		CODE           	121C	0000	49
		_ADC_Init      		CODE           	10F5	0000	20

ADClib.c estimated size: 151

C:\Program Files (x86)\Microchip\xc8\v1.44\sources\common\lwtoft.c
		___lwtoft      		CODE           	111B	0000	21

C:\Program Files (x86)\Microchip\xc8\v1.44\sources\common\lwtoft.c estimated size: 21

C:\Program Files (x86)\Microchip\xc8\v1.44\sources\common\lltoft.c
		___lltoft      		CODE           	11F1	0000	44

C:\Program Files (x86)\Microchip\xc8\v1.44\sources\common\lltoft.c estimated size: 44

C:\Program Files (x86)\Microchip\xc8\v1.44\sources\common\ftmul.c
		___ftmul       		CODE           	172D	0000	212

C:\Program Files (x86)\Microchip\xc8\v1.44\sources\common\ftmul.c estimated size: 212

C:\Program Files (x86)\Microchip\xc8\v1.44\sources\common\awmod.c
		___awmod       		CODE           	124C	0000	78

C:\Program Files (x86)\Microchip\xc8\v1.44\sources\common\awmod.c estimated size: 78

C:\Program Files (x86)\Microchip\xc8\v1.44\sources\common\ftdiv.c
		___ftdiv       		CODE           	15B2	0000	185

C:\Program Files (x86)\Microchip\xc8\v1.44\sources\common\ftdiv.c estimated size: 185

C:\Program Files (x86)\Microchip\xc8\v1.44\sources\common\ftge.c
		___ftge        		CODE           	1343	0000	94

C:\Program Files (x86)\Microchip\xc8\v1.44\sources\common\ftge.c estimated size: 94

C:\Program Files (x86)\Microchip\xc8\v1.44\sources\common\doprnt.c
		_scale         		CODE           	0D65	0000	668
		_sprintf       		CODE           	0051	0000	1959
		_fround        		CODE           	0BCB	0000	411

C:\Program Files (x86)\Microchip\xc8\v1.44\sources\common\doprnt.c estimated size: 3038

C:\Program Files (x86)\Microchip\xc8\v1.44\sources\common\ftdivl.c
		__tdiv_to_l_   		CODE           	166A	0000	196

C:\Program Files (x86)\Microchip\xc8\v1.44\sources\common\ftdivl.c estimated size: 196

C:\Program Files (x86)\Microchip\xc8\v1.44\sources\common\lldiv.c
		___lldiv       		CODE           	0809	0000	95

C:\Program Files (x86)\Microchip\xc8\v1.44\sources\common\lldiv.c estimated size: 95

C:\Program Files (x86)\Microchip\xc8\v1.44\sources\common\Umul8.c
		___bmul        		CODE           	1108	0000	20

C:\Program Files (x86)\Microchip\xc8\v1.44\sources\common\Umul8.c estimated size: 20

C:\Program Files (x86)\Microchip\xc8\v1.44\sources\common\Umul16.c
		___wmul        		CODE           	1182	0000	34

C:\Program Files (x86)\Microchip\xc8\v1.44\sources\common\Umul16.c estimated size: 34

C:\Program Files (x86)\Microchip\xc8\v1.44\sources\common\fttol.c
		___fttol       		CODE           	1495	0000	143

C:\Program Files (x86)\Microchip\xc8\v1.44\sources\common\fttol.c estimated size: 143

shared
		__stringtab    		STRING         	1000	0000	17
		__powers_      		STRING         	1038	0000	40
		_dpowers       		STRING         	1010	0000	41
		__npowers_     		STRING         	105F	0000	40
		__initialization		CODE           	07F7	0000	6

shared estimated size: 144

C:\Program Files (x86)\Microchip\xc8\v1.44\sources\common\awdiv.c
		___awdiv       		CODE           	12EA	0000	90

C:\Program Files (x86)\Microchip\xc8\v1.44\sources\common\awdiv.c estimated size: 90

C:\Program Files (x86)\Microchip\xc8\v1.44\sources\common\ftadd.c
		___ftadd       		CODE           	0867	0000	266

C:\Program Files (x86)\Microchip\xc8\v1.44\sources\common\ftadd.c estimated size: 266

C:\Program Files (x86)\Microchip\xc8\v1.44\sources\common\isdigit.c
		_isdigit       		CODE           	10D5	0000	15

C:\Program Files (x86)\Microchip\xc8\v1.44\sources\common\isdigit.c estimated size: 15

LCDlib.c
		_lcd_com       		CODE           	112F	0000	25
		_lcd_printString		CODE           	11A3	0000	36
		_lcd_char_out  		CODE           	11C6	0000	44
		_lcd_clear     		CODE           	10CA	0000	12
		_lcd_printStringXY		CODE           	10E3	0000	19
		_lcd_gotoxy    		CODE           	140C	0000	138
		_lcd_init      		CODE           	1523	0000	144
		_lcd_out       		CODE           	1147	0000	27

LCDlib.c estimated size: 445

C:\Program Files (x86)\Microchip\xc8\v1.44\sources\common\fldivl.c
		__div_to_l_    		CODE           	0A99	0000	307

C:\Program Files (x86)\Microchip\xc8\v1.44\sources\common\fldivl.c estimated size: 307

C:\Program Files (x86)\Microchip\xc8\v1.44\sources\common\ftneg.c
		___ftneg       		CODE           	0801	0000	9

C:\Program Files (x86)\Microchip\xc8\v1.44\sources\common\ftneg.c estimated size: 9

main.c
		_main          		CODE           	0970	0000	298

main.c estimated size: 298

C:\Program Files (x86)\Microchip\xc8\v1.44\sources\common\ftsub.c
		___ftsub       		CODE           	1161	0000	34

C:\Program Files (x86)\Microchip\xc8\v1.44\sources\common\ftsub.c estimated size: 34

C:\Program Files (x86)\Microchip\xc8\v1.44\sources\common\float.c
		___ftpack      		CODE           	13A0	0000	109

C:\Program Files (x86)\Microchip\xc8\v1.44\sources\common\float.c estimated size: 109

