Microchip MPLAB XC8 Compiler V1.44 ()

Linker command line:

-W-3 --edf=C:\Program Files (x86)\Microchip\xc8\v1.44\dat\en_msgs.txt -cs \
  -h+dist/default/production\LCD_project.X.production.sym \
  --cmf=dist/default/production\LCD_project.X.production.cmf -z -Q16F84A \
  -oC:\Users\DANTE_~1\AppData\Local\Temp\s57c.2 \
  -Mdist/default/production/LCD_project.X.production.map -E1 -ver=XC8 \
  -ASTACK=01Bh-04dh -pstack=STACK -ACODE=00h-03FFh -ASTRCODE=00h-03FFh \
  -ASTRING=00h-0FFhx4 -ACONST=00h-0FFhx4 -AENTRY=00h-0FFhx4 \
  -ABANK0=0Ch-04Dh -ARAM=0Ch-04Dh -AABS1=0Ch-04Fh -ACOMMON=04Eh-04Fh \
  -ASFR0=00h-0Bh -ASFR1=080h-0CDh -preset_vec=00h,intentry,init,end_init \
  -ppowerup=CODE -pcinit=CODE -pfunctab=ENTRY -ACONFIG=02007h-02007h \
  -pconfig=CONFIG -DCONFIG=2 -AIDLOC=02000h-02003h -pidloc=IDLOC -DIDLOC=2 \
  -AEEDATA=00h-03Fh/02100h -peeprom_data=EEDATA -DEEDATA=2 -DCODE=2 \
  -DSTRCODE=2 -DSTRING=2 -DCONST=2 -DENTRY=2 -k \
  C:\Users\DANTE_~1\AppData\Local\Temp\s57c.obj \
  dist/default/production\LCD_project.X.production.obj 

Object code version is 3.11

Machine type is 16F84A



                Name                               Link     Load   Length Selector   Space Scale
C:\Users\DANTE_~1\AppData\Local\Temp\s57c.obj
                end_init                              0        0        1        0       0
                config                             2007     2007        1     400E       0
dist/default/production\LCD_project.X.production.obj
                cinit                               3FE      3FE        2      7FC       0
                text8                               2DA      2DA       17      5B4       0
                text7                               2B6      2B6       12      56C       0
                text6                               2A5      2A5        5      54A       0
                swtext2                              26       26        4       44       0
                text5                               330      330       59      660       0
                swtext1                              22       22        4       44       0
                text4                               389      389       75      712       0
                text3                               310      310       20      620       0
                text2                               2C8      2C8       12      590       0
                text1                               2AA      2AA        C      554       0
                maintext                            2F1      2F1       1F      5E2       0
                cstackBANK0                           C        C        F        C       1
                strings                               1        1       21        2       0

TOTAL           Name                               Link     Load   Length     Space
        CLASS   STACK          

        CLASS   CODE           
                end_init                              0        0        1         0
                cinit                               3FE      3FE        2         0
                text8                               2DA      2DA       17         0
                text7                               2B6      2B6       12         0
                text6                               2A5      2A5        5         0
                text5                               330      330       59         0
                text4                               389      389       75         0
                text3                               310      310       20         0
                text2                               2C8      2C8       12         0
                text1                               2AA      2AA        C         0
                maintext                            2F1      2F1       1F         0

        CLASS   STRCODE        

        CLASS   STRING         
                strings                               1        1       21         0

        CLASS   CONST          
                swtext2                              26       26        4         0
                swtext1                              22       22        4         0

        CLASS   ENTRY          

        CLASS   BANK0          
                cstackBANK0                           C        C        F         1

        CLASS   RAM            

        CLASS   ABS1           
                abs_s1                               4E       4E        2         1

        CLASS   COMMON         

        CLASS   SFR0           

        CLASS   SFR1           

        CLASS   CONFIG         
                config                             2007     2007        1         0

        CLASS   IDLOC          

        CLASS   EEDATA         

        CLASS   BANK1          



SEGMENTS        Name                           Load    Length   Top    Selector   Space  Class     Delta

                reset_vec                      000000  000001  000001         0       0  CODE        2
                strings                        000001  000021  000022         2       0  STRING      2
                cstackBANK0                    00000C  00000F  00001B         C       1  BANK0       1
                swtext1                        000022  000008  00002A        44       0  CONST       2
                text6                          0002A5  000005  0002AA       54A       0  CODE        2
                text1                          0002AA  00000C  0002B6       554       0  CODE        2
                text7                          0002B6  000012  0002C8       56C       0  CODE        2
                text2                          0002C8  000012  0002DA       590       0  CODE        2
                text8                          0002DA  000017  0002F1       5B4       0  CODE        2
                maintext                       0002F1  00001F  000310       5E2       0  CODE        2
                text3                          000310  000020  000330       620       0  CODE        2
                text5                          000330  000059  000389       660       0  CODE        2
                text4                          000389  000075  0003FE       712       0  CODE        2
                cinit                          0003FE  000002  000400       7FC       0  CODE        2
                config                         002007  000001  002008      400E       0  CONFIG      2


UNUSED ADDRESS RANGES

        Name                Unused          Largest block    Delta
        BANK0            001B-004D             33           1
        CODE             002A-02A4            27B           2
        CONST            002A-02A4            100           2
        EEDATA           2100-213F             40           2
        ENTRY            002A-02A4            100           2
        IDLOC            2000-2003              4           2
        RAM              001B-004D             33           1
        SFR0             0000-000B              C           1
        SFR1             0080-00CD             4E           1
        STACK            001B-004D             33           1
        STRCODE          002A-02A4            27B           2
        STRING           002A-02A4            100           2

                                  Symbol Table

_PORTAbits                  (abs)        0005
_PORTBbits                  (abs)        0006
_TRISA                      (abs)        0085
_TRISB                      (abs)        0086
__CFG_CP$OFF                (abs)        0000
__CFG_FOSC$HS               (abs)        0000
__CFG_PWRTE$ON              (abs)        0000
__CFG_WDTE$OFF              (abs)        0000
__Habs1                     abs1         0000
__Hbank0                    bank0        0000
__Hbank1                    bank1        0000
__Hcinit                    cinit        0400
__Hclrtext                  clrtext      0000
__Hcode                     code         0000
__Hcommon                   common       0000
__Hconfig                   config       2008
__HcstackBANK0              cstackBANK0  0000
__HcstackCOMMON             cstackCOMMON 0000
__Heeprom_data              eeprom_data  0000
__Hend_init                 end_init     0001
__Hfunctab                  functab      0000
__Hidloc                    idloc        0000
__Hinit                     init         0000
__Hintentry                 intentry     0000
__Hmaintext                 maintext     0000
__Hpowerup                  powerup      0000
__Hram                      ram          0000
__Hreset_vec                reset_vec    0000
__Hsfr0                     sfr0         0000
__Hsfr1                     sfr1         0000
__Hspace_0                  (abs)        2008
__Hspace_1                  (abs)        001B
__Hspace_2                  (abs)        0000
__Hspace_3                  (abs)        0000
__Hstack                    stack        0000
__Hstrings                  strings      0000
__Htext                     text         0000
__Labs1                     abs1         0000
__Lbank0                    bank0        0000
__Lbank1                    bank1        0000
__Lcinit                    cinit        03FE
__Lclrtext                  clrtext      0000
__Lcode                     code         0000
__Lcommon                   common       0000
__Lconfig                   config       2007
__LcstackBANK0              cstackBANK0  0000
__LcstackCOMMON             cstackCOMMON 0000
__Leeprom_data              eeprom_data  0000
__Lend_init                 end_init     0000
__Lfunctab                  functab      0000
__Lidloc                    idloc        0000
__Linit                     init         0000
__Lintentry                 intentry     0000
__Lmaintext                 maintext     0000
__Lpowerup                  powerup      0000
__Lram                      ram          0000
__Lreset_vec                reset_vec    0000
__Lsfr0                     sfr0         0000
__Lsfr1                     sfr1         0000
__Lspace_0                  (abs)        0000
__Lspace_1                  (abs)        0000
__Lspace_2                  (abs)        0000
__Lspace_3                  (abs)        0000
__Lstack                    stack        0000
__Lstrings                  strings      0000
__Ltext                     text         0000
__S0                        (abs)        2008
__S1                        (abs)        001B
__S2                        (abs)        0000
__S3                        (abs)        0000
___int_sp                   stack        0000
___latbits                  (abs)        0000
___sp                       stack        0000
__end_of__initialization    cinit        03FE
__end_of__stringtab         strings      0007
__end_of_lcd_char_out       text3        0330
__end_of_lcd_clear          text6        02AA
__end_of_lcd_com            text7        02C8
__end_of_lcd_gotoxy         text4        03FE
__end_of_lcd_init           text5        0389
__end_of_lcd_out            text8        02F1
__end_of_lcd_printString    text2        02DA
__end_of_lcd_printStringXY  text1        02B6
__end_of_main               maintext     0310
__initialization            cinit        03FE
__pcstackBANK0              cstackBANK0  000C
__pcstackCOMMON             cstackCOMMON 0000
__pmaintext                 maintext     02F1
__pstrings                  strings      0001
__pswtext1                  swtext1      0022
__pswtext2                  swtext2      0026
__ptext1                    text1        02AA
__ptext2                    text2        02C8
__ptext3                    text3        0310
__ptext4                    text4        0389
__ptext5                    text5        0330
__ptext6                    text6        02A5
__ptext7                    text7        02B6
__ptext8                    text8        02DA
__size_of_lcd_char_out      (abs)        0000
__size_of_lcd_clear         (abs)        0000
__size_of_lcd_com           (abs)        0000
__size_of_lcd_gotoxy        (abs)        0000
__size_of_lcd_init          (abs)        0000
__size_of_lcd_out           (abs)        0000
__size_of_lcd_printString   (abs)        0000
__size_of_lcd_printStringXY (abs)        0000
__size_of_main              (abs)        0000
__stringbase                strings      0006
__stringtab                 strings      0001
_lcd_char_out               text3        0310
_lcd_clear                  text6        02A5
_lcd_com                    text7        02B6
_lcd_gotoxy                 text4        0389
_lcd_init                   text5        0330
_lcd_out                    text8        02DA
_lcd_printString            text2        02C8
_lcd_printStringXY          text1        02AA
_main                       maintext     02F1
btemp                       (abs)        004E
end_of_initialization       cinit        03FE
intlevel0                   functab      0000
intlevel1                   functab      0000
intlevel2                   functab      0000
intlevel3                   functab      0000
intlevel4                   functab      0000
intlevel5                   functab      0000
lcd_char_out@data           cstackBANK0  000F
lcd_com@com                 cstackBANK0  000F
lcd_gotoxy@temp             cstackBANK0  0013
lcd_gotoxy@x                cstackBANK0  0012
lcd_gotoxy@y                cstackBANK0  0010
lcd_init@lcd                cstackBANK0  0012
lcd_out@data                cstackBANK0  000C
lcd_printString@str         cstackBANK0  0011
lcd_printStringXY@str       cstackBANK0  0017
lcd_printStringXY@x         cstackBANK0  0014
lcd_printStringXY@y         cstackBANK0  0015
reset_vec                   reset_vec    0000
stackhi                     (abs)        0000
stacklo                     (abs)        0000
start                       init         0000
start_initialization        cinit        03FE
wtemp0                      (abs)        004E


FUNCTION INFORMATION:

 *************** function _main *****************
 Defined at:
		line 19 in file "main.c"
 Parameters:    Size  Location     Type
		None
 Auto vars:     Size  Location     Type
		None
 Return value:  Size  Location     Type
                  1    wreg      void 
 Registers used:
		wreg, fsr0l, fsr0h, status,2, status,0, pclath, cstack
 Tracked objects:
		On entry : 
		On exit  : 
		Unchanged: 
 Data sizes:     COMMON   BANK0
      Params:         0       0
      Locals:         0       0
      Temps:          0       3
      Totals:         0       3
Total ram usage:        3 bytes
 Hardware stack levels required when called:    4
 This function calls:
		_lcd_clear
		_lcd_gotoxy
		_lcd_init
		_lcd_printString
		_lcd_printStringXY
 This function is called by:
		Startup code after reset
 This function uses a non-reentrant model


 *************** function _lcd_printStringXY *****************
 Defined at:
		line 200 in file "LCDlib.c"
 Parameters:    Size  Location     Type
  str             1    wreg     PTR unsigned char 
		 -> STR_2(15), 
  x               1    8[BANK0 ] unsigned char 
  y               1    9[BANK0 ] unsigned char 
 Auto vars:     Size  Location     Type
  str             1   11[BANK0 ] PTR unsigned char 
		 -> STR_2(15), 
 Return value:  Size  Location     Type
                  1    wreg      void 
 Registers used:
		wreg, fsr0l, fsr0h, status,2, status,0, pclath, cstack
 Tracked objects:
		On entry : 
		On exit  : 
		Unchanged: 
 Data sizes:     COMMON   BANK0
      Params:         0       2
      Locals:         0       1
      Temps:          0       1
      Totals:         0       4
Total ram usage:        4 bytes
 Hardware stack levels used:    1
 Hardware stack levels required when called:    3
 This function calls:
		_lcd_gotoxy
		_lcd_printString
 This function is called by:
		_main
 This function uses a non-reentrant model


 *************** function _lcd_printString *****************
 Defined at:
		line 138 in file "LCDlib.c"
 Parameters:    Size  Location     Type
  str             1    wreg     PTR unsigned char 
		 -> STR_2(15), STR_1(12), 
 Auto vars:     Size  Location     Type
  str             1    5[BANK0 ] PTR unsigned char 
		 -> STR_2(15), STR_1(12), 
 Return value:  Size  Location     Type
                  1    wreg      void 
 Registers used:
		wreg, fsr0l, fsr0h, status,2, status,0, pclath, cstack
 Tracked objects:
		On entry : 
		On exit  : 
		Unchanged: 
 Data sizes:     COMMON   BANK0
      Params:         0       0
      Locals:         0       1
      Temps:          0       1
      Totals:         0       2
Total ram usage:        2 bytes
 Hardware stack levels used:    1
 Hardware stack levels required when called:    2
 This function calls:
		_lcd_char_out
 This function is called by:
		_main
		_lcd_printStringXY
 This function uses a non-reentrant model


 *************** function _lcd_char_out *****************
 Defined at:
		line 120 in file "LCDlib.c"
 Parameters:    Size  Location     Type
  data            1    wreg     unsigned char 
 Auto vars:     Size  Location     Type
  data            1    3[BANK0 ] unsigned char 
 Return value:  Size  Location     Type
                  1    wreg      void 
 Registers used:
		wreg, status,2, status,0, pclath, cstack
 Tracked objects:
		On entry : 
		On exit  : 
		Unchanged: 
 Data sizes:     COMMON   BANK0
      Params:         0       0
      Locals:         0       1
      Temps:          0       2
      Totals:         0       3
Total ram usage:        3 bytes
 Hardware stack levels used:    1
 Hardware stack levels required when called:    1
 This function calls:
		_lcd_out
 This function is called by:
		_lcd_printString
		_lcd_simbol
 This function uses a non-reentrant model


 *************** function _lcd_gotoxy *****************
 Defined at:
		line 155 in file "LCDlib.c"
 Parameters:    Size  Location     Type
  x               1    wreg     unsigned char 
  y               1    4[BANK0 ] unsigned char 
 Auto vars:     Size  Location     Type
  x               1    6[BANK0 ] unsigned char 
  temp            1    7[BANK0 ] unsigned char 
 Return value:  Size  Location     Type
                  1    wreg      void 
 Registers used:
		wreg, fsr0l, fsr0h, status,2, status,0, pclath, cstack
 Tracked objects:
		On entry : 
		On exit  : 
		Unchanged: 
 Data sizes:     COMMON   BANK0
      Params:         0       1
      Locals:         0       2
      Temps:          0       1
      Totals:         0       4
Total ram usage:        4 bytes
 Hardware stack levels used:    1
 Hardware stack levels required when called:    2
 This function calls:
		_lcd_com
 This function is called by:
		_main
		_lcd_printStringXY
		_lcd_simbol
 This function uses a non-reentrant model


 *************** function _lcd_init *****************
 Defined at:
		line 79 in file "LCDlib.c"
 Parameters:    Size  Location     Type
  lcd             1    wreg     unsigned char 
 Auto vars:     Size  Location     Type
  lcd             1    6[BANK0 ] unsigned char 
 Return value:  Size  Location     Type
                  1    wreg      void 
 Registers used:
		wreg, fsr0l, fsr0h, status,2, status,0, pclath, cstack
 Tracked objects:
		On entry : 
		On exit  : 
		Unchanged: 
 Data sizes:     COMMON   BANK0
      Params:         0       0
      Locals:         0       1
      Temps:          0       2
      Totals:         0       3
Total ram usage:        3 bytes
 Hardware stack levels used:    1
 Hardware stack levels required when called:    2
 This function calls:
		_lcd_com
 This function is called by:
		_main
 This function uses a non-reentrant model


 *************** function _lcd_clear *****************
 Defined at:
		line 211 in file "LCDlib.c"
 Parameters:    Size  Location     Type
		None
 Auto vars:     Size  Location     Type
		None
 Return value:  Size  Location     Type
                  1    wreg      void 
 Registers used:
		wreg, status,2, status,0, pclath, cstack
 Tracked objects:
		On entry : 
		On exit  : 
		Unchanged: 
 Data sizes:     COMMON   BANK0
      Params:         0       0
      Locals:         0       0
      Temps:          0       0
      Totals:         0       0
Total ram usage:        0 bytes
 Hardware stack levels used:    1
 Hardware stack levels required when called:    2
 This function calls:
		_lcd_com
 This function is called by:
		_main
 This function uses a non-reentrant model


 *************** function _lcd_com *****************
 Defined at:
		line 59 in file "LCDlib.c"
 Parameters:    Size  Location     Type
  com             1    wreg     unsigned char 
 Auto vars:     Size  Location     Type
  com             1    3[BANK0 ] unsigned char 
 Return value:  Size  Location     Type
                  1    wreg      void 
 Registers used:
		wreg, status,2, status,0, pclath, cstack
 Tracked objects:
		On entry : 
		On exit  : 
		Unchanged: 
 Data sizes:     COMMON   BANK0
      Params:         0       0
      Locals:         0       1
      Temps:          0       2
      Totals:         0       3
Total ram usage:        3 bytes
 Hardware stack levels used:    1
 Hardware stack levels required when called:    1
 This function calls:
		_lcd_out
 This function is called by:
		_lcd_init
		_lcd_gotoxy
		_lcd_clear
		_lcd_simbol
 This function uses a non-reentrant model


 *************** function _lcd_out *****************
 Defined at:
		line 9 in file "LCDlib.c"
 Parameters:    Size  Location     Type
  data            1    wreg     unsigned char 
 Auto vars:     Size  Location     Type
  data            1    0[BANK0 ] unsigned char 
 Return value:  Size  Location     Type
                  1    wreg      void 
 Registers used:
		wreg
 Tracked objects:
		On entry : 
		On exit  : 
		Unchanged: 
 Data sizes:     COMMON   BANK0
      Params:         0       0
      Locals:         0       1
      Temps:          0       0
      Totals:         0       1
Total ram usage:        1 bytes
 Hardware stack levels used:    1
 This function calls:
		Nothing
 This function is called by:
		_lcd_com
		_lcd_char_out
 This function uses a non-reentrant model



MODULE INFORMATION

Module		Function		Class		Link	Load	Size
shared
		__stringtab    		STRING         	0001	0000	7
		__initialization		CODE           	03FE	0000	1

shared estimated size: 8

LCDlib.c
		_lcd_com       		CODE           	02B6	0000	19
		_lcd_printString		CODE           	02C8	0000	19
		_lcd_char_out  		CODE           	0310	0000	33
		_lcd_clear     		CODE           	02A5	0000	6
		_lcd_printStringXY		CODE           	02AA	0000	13
		_lcd_gotoxy    		CODE           	0389	0000	118
		_lcd_init      		CODE           	0330	0000	90
		_lcd_out       		CODE           	02DA	0000	24

LCDlib.c estimated size: 322

main.c
		_main          		CODE           	02F1	0000	32

main.c estimated size: 32

